Component: ARM Compiler 5.06 update 5 (build 528) Tool: armlink [4d35e2]

==============================================================================

Section Cross References

    glcd_scroll.o(i.append_char) refers to glcd_scroll.o(i.refresh_lcd) for refresh_lcd
    glcd_scroll.o(i.append_char) refers to glcd_spi_lpc1700.o(i.GLCD_DisplayChar) for GLCD_DisplayChar
    glcd_scroll.o(i.append_char) refers to glcd_scroll.o(i.last_line) for last_line
    glcd_scroll.o(i.append_char) refers to glcd_scroll.o(.data) for last_col_cahche
    glcd_scroll.o(i.append_char) refers to glcd_scroll.o(.bss) for chache
    glcd_scroll.o(i.init_scroll) refers to glcd_spi_lpc1700.o(i.GLCD_Init) for GLCD_Init
    glcd_scroll.o(i.init_scroll) refers to glcd_spi_lpc1700.o(i.GLCD_Clear) for GLCD_Clear
    glcd_scroll.o(i.init_scroll) refers to glcd_spi_lpc1700.o(i.GLCD_SetBackColor) for GLCD_SetBackColor
    glcd_scroll.o(i.init_scroll) refers to glcd_spi_lpc1700.o(i.GLCD_SetTextColor) for GLCD_SetTextColor
    glcd_scroll.o(i.init_scroll) refers to glcd_scroll.o(.data) for cache_start
    glcd_scroll.o(i.joyStickBusyWaitingMonitor) refers to glcd_scroll.o(i.moveUp) for moveUp
    glcd_scroll.o(i.joyStickBusyWaitingMonitor) refers to glcd_scroll.o(i.moveDown) for moveDown
    glcd_scroll.o(i.joyStickBusyWaitingMonitor) refers to glcd_scroll.o(i.moveFirst) for moveFirst
    glcd_scroll.o(i.joyStickBusyWaitingMonitor) refers to glcd_scroll.o(i.moveLast) for moveLast
    glcd_scroll.o(i.last_line) refers to glcd_scroll.o(.data) for cache_start
    glcd_scroll.o(i.last_window_line) refers to glcd_scroll.o(.data) for window_start
    glcd_scroll.o(i.moveDown) refers to glcd_scroll.o(i.last_line) for last_line
    glcd_scroll.o(i.moveDown) refers to glcd_scroll.o(i.last_window_line) for last_window_line
    glcd_scroll.o(i.moveDown) refers to glcd_scroll.o(i.refresh_lcd) for refresh_lcd
    glcd_scroll.o(i.moveDown) refers to glcd_scroll.o(.data) for window_start
    glcd_scroll.o(i.moveFirst) refers to glcd_scroll.o(i.refresh_lcd) for refresh_lcd
    glcd_scroll.o(i.moveFirst) refers to glcd_scroll.o(.data) for window_start
    glcd_scroll.o(i.moveLast) refers to glcd_scroll.o(i.last_line) for last_line
    glcd_scroll.o(i.moveLast) refers to glcd_scroll.o(i.last_window_line) for last_window_line
    glcd_scroll.o(i.moveLast) refers to glcd_scroll.o(i.refresh_lcd) for refresh_lcd
    glcd_scroll.o(i.moveLast) refers to glcd_scroll.o(.data) for cache_size
    glcd_scroll.o(i.moveUp) refers to glcd_scroll.o(i.refresh_lcd) for refresh_lcd
    glcd_scroll.o(i.moveUp) refers to glcd_scroll.o(.data) for window_start
    glcd_scroll.o(i.print_string) refers to glcd_scroll.o(i.print_text) for print_text
    glcd_scroll.o(i.print_text) refers to glcd_scroll.o(i.append_char) for append_char
    glcd_scroll.o(i.refresh_lcd) refers to glcd_spi_lpc1700.o(i.GLCD_Clear) for GLCD_Clear
    glcd_scroll.o(i.refresh_lcd) refers to glcd_spi_lpc1700.o(i.GLCD_DisplayString) for GLCD_DisplayString
    glcd_scroll.o(i.refresh_lcd) refers to glcd_scroll.o(.data) for window_start
    glcd_scroll.o(i.refresh_lcd) refers to glcd_scroll.o(.bss) for chache
    glcd_spi_lpc1700.o(i.GLCD_Bargraph) refers to glcd_spi_lpc1700.o(i.GLCD_SetWindow) for GLCD_SetWindow
    glcd_spi_lpc1700.o(i.GLCD_Bargraph) refers to glcd_spi_lpc1700.o(i.wr_cmd) for wr_cmd
    glcd_spi_lpc1700.o(i.GLCD_Bargraph) refers to glcd_spi_lpc1700.o(i.wr_dat_start) for wr_dat_start
    glcd_spi_lpc1700.o(i.GLCD_Bargraph) refers to glcd_spi_lpc1700.o(i.wr_dat_only) for wr_dat_only
    glcd_spi_lpc1700.o(i.GLCD_Bargraph) refers to glcd_spi_lpc1700.o(i.wr_dat_stop) for wr_dat_stop
    glcd_spi_lpc1700.o(i.GLCD_Bargraph) refers to glcd_spi_lpc1700.o(.data) for Color
    glcd_spi_lpc1700.o(i.GLCD_Bitmap) refers to glcd_spi_lpc1700.o(i.GLCD_SetWindow) for GLCD_SetWindow
    glcd_spi_lpc1700.o(i.GLCD_Bitmap) refers to glcd_spi_lpc1700.o(i.wr_cmd) for wr_cmd
    glcd_spi_lpc1700.o(i.GLCD_Bitmap) refers to glcd_spi_lpc1700.o(i.wr_dat_start) for wr_dat_start
    glcd_spi_lpc1700.o(i.GLCD_Bitmap) refers to glcd_spi_lpc1700.o(i.wr_dat_only) for wr_dat_only
    glcd_spi_lpc1700.o(i.GLCD_Bitmap) refers to glcd_spi_lpc1700.o(i.wr_dat_stop) for wr_dat_stop
    glcd_spi_lpc1700.o(i.GLCD_Clear) refers to glcd_spi_lpc1700.o(i.GLCD_WindowMax) for GLCD_WindowMax
    glcd_spi_lpc1700.o(i.GLCD_Clear) refers to glcd_spi_lpc1700.o(i.wr_cmd) for wr_cmd
    glcd_spi_lpc1700.o(i.GLCD_Clear) refers to glcd_spi_lpc1700.o(i.wr_dat_start) for wr_dat_start
    glcd_spi_lpc1700.o(i.GLCD_Clear) refers to glcd_spi_lpc1700.o(i.wr_dat_only) for wr_dat_only
    glcd_spi_lpc1700.o(i.GLCD_Clear) refers to glcd_spi_lpc1700.o(i.wr_dat_stop) for wr_dat_stop
    glcd_spi_lpc1700.o(i.GLCD_ClearLn) refers to glcd_spi_lpc1700.o(i.GLCD_WindowMax) for GLCD_WindowMax
    glcd_spi_lpc1700.o(i.GLCD_ClearLn) refers to glcd_spi_lpc1700.o(i.GLCD_DisplayString) for GLCD_DisplayString
[...]
    i.OS_Tick_Enable                         0x000018c0   Section        0  os_systick.o(i.OS_Tick_Enable)
    i.OS_Tick_GetIRQn                        0x000018f0   Section        0  os_systick.o(i.OS_Tick_GetIRQn)
    i.OS_Tick_Setup                          0x000018f8   Section        0  os_systick.o(i.OS_Tick_Setup)
    i.SystemInit                             0x00001948   Section        0  system_lpc17xx.o(i.SystemInit)
    i.ThreadFlagsCheck                       0x00001a88   Section        0  rtx_thread.o(i.ThreadFlagsCheck)
    ThreadFlagsCheck                         0x00001a89   Thumb Code    86  rtx_thread.o(i.ThreadFlagsCheck)
    i.TimerInsert                            0x00001ae0   Section        0  rtx_timer.o(i.TimerInsert)
    TimerInsert                              0x00001ae1   Thumb Code    58  rtx_timer.o(i.TimerInsert)
    i.TimerUnlink                            0x00001b20   Section        0  rtx_timer.o(i.TimerUnlink)
    TimerUnlink                              0x00001b21   Thumb Code    18  rtx_timer.o(i.TimerUnlink)
    i.UART0_IRQHandler                       0x00001b38   Section        0  uart.o(i.UART0_IRQHandler)
    i.UART1_IRQHandler                       0x00001ba0   Section        0  uart.o(i.UART1_IRQHandler)
    i.UARTInit                               0x00001c10   Section        0  uart.o(i.UARTInit)
    i.UARTSendChar                           0x00001ccc   Section        0  uart.o(i.UARTSendChar)
    i.__0printf$6                            0x00001cf0   Section        0  printf6.o(i.__0printf$6)
    i.__0sprintf$6                           0x00001d10   Section        0  printf6.o(i.__0sprintf$6)
    i.__NVIC_EnableIRQ                       0x00001d38   Section        0  uart.o(i.__NVIC_EnableIRQ)
    __NVIC_EnableIRQ                         0x00001d39   Thumb Code    26  uart.o(i.__NVIC_EnableIRQ)
    i.__scatterload_copy                     0x00001d52   Section       14  handlers.o(i.__scatterload_copy)
    i.__scatterload_null                     0x00001d60   Section        2  handlers.o(i.__scatterload_null)
    i.__scatterload_zeroinit                 0x00001d62   Section       14  handlers.o(i.__scatterload_zeroinit)
    i._printf_core                           0x00001d70   Section        0  printf6.o(i._printf_core)
    _printf_core                             0x00001d71   Thumb Code   748  printf6.o(i._printf_core)
    i._printf_post_padding                   0x00002060   Section        0  printf6.o(i._printf_post_padding)
    _printf_post_padding                     0x00002061   Thumb Code    36  printf6.o(i._printf_post_padding)
    i._printf_pre_padding                    0x00002084   Section        0  printf6.o(i._printf_pre_padding)
    _printf_pre_padding                      0x00002085   Thumb Code    46  printf6.o(i._printf_pre_padding)
    i._sputc                                 0x000020b2   Section        0  printf6.o(i._sputc)
    _sputc                                   0x000020b3   Thumb Code    10  printf6.o(i._sputc)
    i.addBodySeg                             0x000020bc   Section        0  main.o(i.addBodySeg)
    i.collision                              0x000020fc   Section        0  main.o(i.collision)
    i.delay                                  0x000021c0   Section        0  glcd_spi_lpc1700.o(i.delay)
    delay                                    0x000021c1   Thumb Code    14  glcd_spi_lpc1700.o(i.delay)
    i.fillCoord                              0x000021ce   Section        0  main.o(i.fillCoord)
    i.foodGeneration                         0x0000220c   Section        0  main.o(i.foodGeneration)
    i.fputc                                  0x0000224c   Section        0  retarget.o(i.fputc)
    i.getFrequency                           0x0000225c   Section        0  uart.o(i.getFrequency)
    i.get_dir                                0x000022a4   Section        0  main.o(i.get_dir)
    i.isrRtxMessageQueueGet                  0x00002308   Section        0  rtx_msgqueue.o(i.isrRtxMessageQueueGet)
    isrRtxMessageQueueGet                    0x00002309   Thumb Code   150  rtx_msgqueue.o(i.isrRtxMessageQueueGet)
    i.isrRtxMessageQueuePut                  0x0000239e   Section        0  rtx_msgqueue.o(i.isrRtxMessageQueuePut)
    isrRtxMessageQueuePut                    0x0000239f   Thumb Code   158  rtx_msgqueue.o(i.isrRtxMessageQueuePut)
    i.isr_queue_get                          0x0000243c   Section        0  rtx_system.o(i.isr_queue_get)
    isr_queue_get                            0x0000243d   Thumb Code    46  rtx_system.o(i.isr_queue_get)
    i.isr_queue_put                          0x00002470   Section        0  rtx_system.o(i.isr_queue_put)
    isr_queue_put                            0x00002471   Thumb Code    56  rtx_system.o(i.isr_queue_put)
    i.joyStick                               0x000024ac   Section        0  main.o(i.joyStick)
    i.main                                   0x000024e8   Section        0  main.o(i.main)
    i.malloc                                 0x00002608   Section        0  malloc.o(i.malloc)
    i.osDelay                                0x00002674   Section        0  rtx_delay.o(i.osDelay)
    i.osKernelInitialize                     0x000026b0   Section        0  rtx_kernel.o(i.osKernelInitialize)
    i.osKernelStart                          0x000026e4   Section        0  rtx_kernel.o(i.osKernelStart)
    i.osMessageQueueGet                      0x00002718   Section        0  rtx_msgqueue.o(i.osMessageQueueGet)
    i.osMessageQueueNew                      0x0000276c   Section        0  rtx_msgqueue.o(i.osMessageQueueNew)
    i.osMessageQueuePut                      0x000027b8   Section        0  rtx_msgqueue.o(i.osMessageQueuePut)
    i.osMutexAcquire                         0x0000280c   Section        0  rtx_mutex.o(i.osMutexAcquire)
    i.osMutexNew                             0x00002850   Section        0  rtx_mutex.o(i.osMutexNew)
    i.osMutexRelease                         0x0000288c   Section        0  rtx_mutex.o(i.osMutexRelease)
    i.osRtxErrorNotify                       0x000028c8   Section        0  rtx_config.o(i.osRtxErrorNotify)
    i.osRtxIdleThread                        0x000028e8   Section        0  rtx_config.o(i.osRtxIdleThread)
    i.osRtxKernelGetState                    0x000028ec   Section        0  rtx_thread.o(i.osRtxKernelGetState)
    osRtxKernelGetState                      0x000028ed   Thumb Code     6  rtx_thread.o(i.osRtxKernelGetState)
    i.osRtxMemoryAlloc                       0x000028f8   Section        0  rtx_memory.o(i.osRtxMemoryAlloc)
    i.osRtxMemoryFree                        0x000029e6   Section        0  rtx_memory.o(i.osRtxMemoryFree)
    i.osRtxMemoryInit                        0x00002a62   Section        0  rtx_memory.o(i.osRtxMemoryInit)
    i.osRtxMemoryPoolAlloc                   0x00002acc   Section        0  rtx_mempool.o(i.osRtxMemoryPoolAlloc)
    i.osRtxMemoryPoolFree                    0x00002b06   Section        0  rtx_mempool.o(i.osRtxMemoryPoolFree)
    i.osRtxMemoryPoolInit                    0x00002b54   Section        0  rtx_mempool.o(i.osRtxMemoryPoolInit)
    i.osRtxMessageQueuePostProcess           0x00002bac   Section        0  rtx_msgqueue.o(i.osRtxMessageQueuePostProcess)
    osRtxMessageQueuePostProcess             0x00002bad   Thumb Code   296  rtx_msgqueue.o(i.osRtxMessageQueuePostProcess)
    i.osRtxMutexOwnerRelease                 0x00002cd4   Section        0  rtx_mutex.o(i.osRtxMutexOwnerRelease)
    i.osRtxPendSV_Handler                    0x00002d34   Section        0  rtx_system.o(i.osRtxPendSV_Handler)
    i.osRtxPostProcess                       0x00002db8   Section        0  rtx_system.o(i.osRtxPostProcess)
    i.osRtxThreadBlock                       0x00002df4   Section        0  rtx_thread.o(i.osRtxThreadBlock)
    osRtxThreadBlock                         0x00002df5   Thumb Code    58  rtx_thread.o(i.osRtxThreadBlock)
    i.osRtxThreadDelayInsert                 0x00002e34   Section        0  rtx_thread.o(i.osRtxThreadDelayInsert)
    osRtxThreadDelayInsert                   0x00002e35   Thumb Code    98  rtx_thread.o(i.osRtxThreadDelayInsert)
    i.osRtxThreadDelayRemove                 0x00002e9c   Section        0  rtx_thread.o(i.osRtxThreadDelayRemove)
    osRtxThreadDelayRemove                   0x00002e9d   Thumb Code   110  rtx_thread.o(i.osRtxThreadDelayRemove)
    i.osRtxThreadDelayTick                   0x00002f10   Section        0  rtx_thread.o(i.osRtxThreadDelayTick)
    i.osRtxThreadDispatch                    0x00002fec   Section        0  rtx_thread.o(i.osRtxThreadDispatch)
    i.osRtxThreadFree                        0x0000305c   Section        0  rtx_thread.o(i.osRtxThreadFree)
    osRtxThreadFree                          0x0000305d   Thumb Code    92  rtx_thread.o(i.osRtxThreadFree)
    i.osRtxThreadGetRunning                  0x000030bc   Section        0  rtx_thread.o(i.osRtxThreadGetRunning)
    osRtxThreadGetRunning                    0x000030bd   Thumb Code     6  rtx_thread.o(i.osRtxThreadGetRunning)
    i.osRtxThreadListGet                     0x000030c8   Section        0  rtx_thread.o(i.osRtxThreadListGet)
    i.osRtxThreadListPut                     0x000030e4   Section        0  rtx_thread.o(i.osRtxThreadListPut)
    i.osRtxThreadListRemove                  0x00003116   Section        0  rtx_thread.o(i.osRtxThreadListRemove)
    i.osRtxThreadListRoot                    0x00003130   Section        0  rtx_thread.o(i.osRtxThreadListRoot)
    osRtxThreadListRoot                      0x00003131   Thumb Code    18  rtx_thread.o(i.osRtxThreadListRoot)
    i.osRtxThreadListSort                    0x00003142   Section        0  rtx_thread.o(i.osRtxThreadListSort)
    i.osRtxThreadPostProcess                 0x0000316c   Section        0  rtx_thread.o(i.osRtxThreadPostProcess)
    osRtxThreadPostProcess                   0x0000316d   Thumb Code    64  rtx_thread.o(i.osRtxThreadPostProcess)
    i.osRtxThreadReadyPut                    0x000031ac   Section        0  rtx_thread.o(i.osRtxThreadReadyPut)
    i.osRtxThreadRegPtr                      0x000031c4   Section        0  rtx_thread.o(i.osRtxThreadRegPtr)
    i.osRtxThreadSetRunning                  0x000031d4   Section        0  rtx_thread.o(i.osRtxThreadSetRunning)
    osRtxThreadSetRunning                    0x000031d5   Thumb Code     6  rtx_thread.o(i.osRtxThreadSetRunning)
    i.osRtxThreadStackCheck                  0x000031e0   Section        0  rtx_thread.o(i.osRtxThreadStackCheck)
    i.osRtxThreadStartup                     0x0000320c   Section        0  rtx_thread.o(i.osRtxThreadStartup)
    i.osRtxThreadSwitch                      0x0000326c   Section        0  rtx_thread.o(i.osRtxThreadSwitch)
    i.osRtxThreadWaitEnter                   0x00003288   Section        0  rtx_thread.o(i.osRtxThreadWaitEnter)
    i.osRtxThreadWaitExit                    0x000032dc   Section        0  rtx_thread.o(i.osRtxThreadWaitExit)
    i.osRtxTick_Handler                      0x00003314   Section        0  rtx_system.o(i.osRtxTick_Handler)
    i.osRtxTimerThread                       0x000033b4   Section        0  rtx_timer.o(i.osRtxTimerThread)
    i.osRtxTimerTick                         0x0000340c   Section        0  rtx_timer.o(i.osRtxTimerTick)
    osRtxTimerTick                           0x0000340d   Thumb Code    88  rtx_timer.o(i.osRtxTimerTick)
    i.osThreadExit                           0x00003468   Section        0  rtx_thread.o(i.osThreadExit)
    i.osThreadNew                            0x00003488   Section        0  rtx_thread.o(i.osThreadNew)
    i.osThreadYield                          0x000034d4   Section        0  rtx_thread.o(i.osThreadYield)
    i.potentiometer                          0x0000350c   Section        0  main.o(i.potentiometer)
    i.printSnake                             0x00003580   Section        0  main.o(i.printSnake)
    i.rd_id_man                              0x000035a0   Section        0  glcd_spi_lpc1700.o(i.rd_id_man)
    rd_id_man                                0x000035a1   Thumb Code   132  glcd_spi_lpc1700.o(i.rd_id_man)
    i.rd_reg                                 0x0000362c   Section        0  glcd_spi_lpc1700.o(i.rd_reg)
    rd_reg                                   0x0000362d   Thumb Code    66  glcd_spi_lpc1700.o(i.rd_reg)
    i.scoreupdater                           0x00003674   Section        0  main.o(i.scoreupdater)
    i.sendchar                               0x00003758   Section        0  retarget.o(i.sendchar)
    i.snakeMove                              0x0000379c   Section        0  main.o(i.snakeMove)
    i.spi_tran                               0x00003838   Section        0  glcd_spi_lpc1700.o(i.spi_tran)
    spi_tran                                 0x00003839   Thumb Code    28  glcd_spi_lpc1700.o(i.spi_tran)
    i.spi_tran_man                           0x00003858   Section        0  glcd_spi_lpc1700.o(i.spi_tran_man)
    spi_tran_man                             0x00003859   Thumb Code   124  glcd_spi_lpc1700.o(i.spi_tran_man)
    i.svcRtxDelay                            0x000038d8   Section        0  rtx_delay.o(i.svcRtxDelay)
    svcRtxDelay                              0x000038d9   Thumb Code    24  rtx_delay.o(i.svcRtxDelay)
    i.svcRtxKernelInitialize                 0x000038f0   Section        0  rtx_kernel.o(i.svcRtxKernelInitialize)
    svcRtxKernelInitialize                   0x000038f1   Thumb Code   602  rtx_kernel.o(i.svcRtxKernelInitialize)
    i.svcRtxKernelStart                      0x00003b54   Section        0  rtx_kernel.o(i.svcRtxKernelStart)
    svcRtxKernelStart                        0x00003b55   Thumb Code   216  rtx_kernel.o(i.svcRtxKernelStart)
    i.svcRtxMessageQueueGet                  0x00003c3c   Section        0  rtx_msgqueue.o(i.svcRtxMessageQueueGet)
    svcRtxMessageQueueGet                    0x00003c3d   Thumb Code   340  rtx_msgqueue.o(i.svcRtxMessageQueueGet)
    i.svcRtxMessageQueueNew                  0x00003d94   Section        0  rtx_msgqueue.o(i.svcRtxMessageQueueNew)
    svcRtxMessageQueueNew                    0x00003d95   Thumb Code   400  rtx_msgqueue.o(i.svcRtxMessageQueueNew)
    i.svcRtxMessageQueuePut                  0x00003f2c   Section        0  rtx_msgqueue.o(i.svcRtxMessageQueuePut)
    svcRtxMessageQueuePut                    0x00003f2d   Thumb Code   316  rtx_msgqueue.o(i.svcRtxMessageQueuePut)
    i.svcRtxMutexAcquire                     0x0000406c   Section        0  rtx_mutex.o(i.svcRtxMutexAcquire)
    svcRtxMutexAcquire                       0x0000406d   Thumb Code   284  rtx_mutex.o(i.svcRtxMutexAcquire)
    i.svcRtxMutexNew                         0x0000418c   Section        0  rtx_mutex.o(i.svcRtxMutexNew)
    svcRtxMutexNew                           0x0000418d   Thumb Code   172  rtx_mutex.o(i.svcRtxMutexNew)
    i.svcRtxMutexRelease                     0x0000423c   Section        0  rtx_mutex.o(i.svcRtxMutexRelease)
    svcRtxMutexRelease                       0x0000423d   Thumb Code   280  rtx_mutex.o(i.svcRtxMutexRelease)
    i.svcRtxThreadExit                       0x00004358   Section        0  rtx_thread.o(i.svcRtxThreadExit)
    svcRtxThreadExit                         0x00004359   Thumb Code   142  rtx_thread.o(i.svcRtxThreadExit)
    i.svcRtxThreadNew                        0x000043ec   Section        0  rtx_thread.o(i.svcRtxThreadNew)
    svcRtxThreadNew                          0x000043ed   Thumb Code   608  rtx_thread.o(i.svcRtxThreadNew)
    i.svcRtxThreadYield                      0x00004660   Section        0  rtx_thread.o(i.svcRtxThreadYield)
    svcRtxThreadYield                        0x00004661   Thumb Code    66  rtx_thread.o(i.svcRtxThreadYield)
    i.wr_cmd                                 0x000046a8   Section        0  glcd_spi_lpc1700.o(i.wr_cmd)
    wr_cmd                                   0x000046a9   Thumb Code    36  glcd_spi_lpc1700.o(i.wr_cmd)
    i.wr_dat                                 0x000046d0   Section        0  glcd_spi_lpc1700.o(i.wr_dat)
    wr_dat                                   0x000046d1   Thumb Code    36  glcd_spi_lpc1700.o(i.wr_dat)
    i.wr_dat_only                            0x000046f8   Section        0  glcd_spi_lpc1700.o(i.wr_dat_only)
    wr_dat_only                              0x000046f9   Thumb Code    18  glcd_spi_lpc1700.o(i.wr_dat_only)
    i.wr_dat_start                           0x0000470c   Section        0  glcd_spi_lpc1700.o(i.wr_dat_start)
    wr_dat_start                             0x0000470d   Thumb Code    16  glcd_spi_lpc1700.o(i.wr_dat_start)
    i.wr_dat_stop                            0x00004720   Section        0  glcd_spi_lpc1700.o(i.wr_dat_stop)
    wr_dat_stop                              0x00004721   Thumb Code     8  glcd_spi_lpc1700.o(i.wr_dat_stop)
    i.wr_reg                                 0x0000472c   Section        0  glcd_spi_lpc1700.o(i.wr_reg)
    wr_reg                                   0x0000472d   Thumb Code    20  glcd_spi_lpc1700.o(i.wr_reg)
    .constdata                               0x00004740   Section     6272  glcd_spi_lpc1700.o(.constdata)
    .constdata                               0x00005fc0   Section       54  main.o(.constdata)
    .constdata                               0x00005ff8   Section      100  rtx_lib.o(.constdata)
    os_idle_thread_attr                      0x00005ff8   Data          36  rtx_lib.o(.constdata)
    os_timer_thread_attr                     0x0000601c   Data          36  rtx_lib.o(.constdata)
    os_timer_mq_attr                         0x00006040   Data          24  rtx_lib.o(.constdata)
    .conststrlit                             0x0000605c   Section       11  rtx_kernel.o(.conststrlit)
    .rodata                                  0x00006068   Section      104  rtx_lib.o(.rodata)
    __tagsym$$used                           0x00006068   Number         0  rtx_lib.o(.rodata)
    .bss.os                                  0x10000000   Section     4160  rtx_lib.o(.bss.os)
    os_mem                                   0x10000000   Data        4096  rtx_lib.o(.bss.os)
    os_isr_queue                             0x10001000   Data          64  rtx_lib.o(.bss.os)
    .bss.os.msgqueue.cb                      0x10001040   Section       52  rtx_lib.o(.bss.os.msgqueue.cb)
    os_timer_mq_cb                           0x10001040   Data          52  rtx_lib.o(.bss.os.msgqueue.cb)
    .bss.os.msgqueue.mem                     0x10001074   Section       80  rtx_lib.o(.bss.os.msgqueue.mem)
    os_timer_mq_data                         0x10001074   Data          80  rtx_lib.o(.bss.os.msgqueue.mem)
    .bss.os.thread.cb                        0x100010c4   Section      136  rtx_lib.o(.bss.os.thread.cb)
    os_idle_thread_cb                        0x100010c4   Data          68  rtx_lib.o(.bss.os.thread.cb)
    os_timer_thread_cb                       0x10001108   Data          68  rtx_lib.o(.bss.os.thread.cb)
    .bss.os.thread.stack                     0x10001150   Section      512  rtx_lib.o(.bss.os.thread.stack)
    os_idle_thread_stack                     0x10001150   Data         256  rtx_lib.o(.bss.os.thread.stack)
    os_timer_thread_stack                    0x10001250   Data         256  rtx_lib.o(.bss.os.thread.stack)
    .data                                    0x10001350   Section        5  glcd_spi_lpc1700.o(.data)
    Color                                    0x10001350   Data           4  glcd_spi_lpc1700.o(.data)
    Himax                                    0x10001354   Data           1  glcd_spi_lpc1700.o(.data)
    .data                                    0x10001358   Section       12  retarget.o(.data)
    .data                                    0x10001364   Section       32  uart.o(.data)
    .data                                    0x10001388   Section       40  main.o(.data)
    .data                                    0x100013b0   Section        1  os_systick.o(.data)
    PendST                                   0x100013b0   Data           1  os_systick.o(.data)
    .data                                    0x100013b4   Section        4  system_lpc17xx.o(.data)
    .data                                    0x100013b8   Section        4  rand.o(.data)
    _rand_state                              0x100013b8   Data           4  rand.o(.data)
    .data                                    0x100013bc   Section        4  mvars.o(.data)
    .data                                    0x100013c0   Section        4  mvars.o(.data)
    .data.os                                 0x100013c4   Section      164  rtx_kernel.o(.data.os)
    .bss                                     0x10001468   Section      128  uart.o(.bss)
    .bss                                     0x100014e8   Section       12  main.o(.bss)
    HEAP                                     0x100014f8   Section     8192  startup_lpc17xx.o(HEAP)
    STACK                                    0x100034f8   Section     8192  startup_lpc17xx.o(STACK)

    Global Symbols

    Symbol Name                              Value     Ov Type        Size  Object(Section)

    BuildAttributes$$THM_ISAv4$P$D$K$B$S$PE$A:L22UL41UL21$X:L11$S22US41US21$IEEE1$IW$USESV6$~STKCKD$USESV7$~SHL$OSPACE$ROPI$EBA8$MICROLIB$REQ8$PRES8$EABIv2 0x00000000   Number         0  anon$$obj.o ABSOLUTE
    __ARM_use_no_argv                        0x00000000   Number         0  main.o ABSOLUTE
    __Vectors                                0x00000000   Data           4  startup_lpc17xx.o(RESET)
    _printf_a                                0x00000000   Number         0  stubs.o ABSOLUTE
    _printf_c                                0x00000000   Number         0  stubs.o ABSOLUTE
    _printf_charcount                        0x00000000   Number         0  stubs.o ABSOLUTE
    _printf_d                                0x00000000   Number         0  stubs.o ABSOLUTE
    _printf_e                                0x00000000   Number         0  stubs.o ABSOLUTE
    _printf_f                                0x00000000   Number         0  stubs.o ABSOLUTE
    _printf_flags                            0x00000000   Number         0  stubs.o ABSOLUTE
    _printf_fp_dec                           0x00000000   Number         0  stubs.o ABSOLUTE
    _printf_fp_hex                           0x00000000   Number         0  stubs.o ABSOLUTE
    _printf_g                                0x00000000   Number         0  stubs.o ABSOLUTE
    _printf_i                                0x00000000   Number         0  stubs.o ABSOLUTE
    _printf_int_dec                          0x00000000   Number         0  stubs.o ABSOLUTE
    _printf_l                                0x00000000   Number         0  stubs.o ABSOLUTE
    _printf_lc                               0x00000000   Number         0  stubs.o ABSOLUTE
    _printf_ll                               0x00000000   Number         0  stubs.o ABSOLUTE
    _printf_lld                              0x00000000   Number         0  stubs.o ABSOLUTE
    _printf_lli                              0x00000000   Number         0  stubs.o ABSOLUTE
    _printf_llo                              0x00000000   Number         0  stubs.o ABSOLUTE
    _printf_llu                              0x00000000   Number         0  stubs.o ABSOLUTE
    _printf_llx                              0x00000000   Number         0  stubs.o ABSOLUTE
    _printf_longlong_dec                     0x00000000   Number         0  stubs.o ABSOLUTE
    _printf_longlong_hex                     0x00000000   Number         0  stubs.o ABSOLUTE
    _printf_longlong_oct                     0x00000000   Number         0  stubs.o ABSOLUTE
    _printf_ls                               0x00000000   Number         0  stubs.o ABSOLUTE
    _printf_mbtowc                           0x00000000   Number         0  stubs.o ABSOLUTE
    _printf_n                                0x00000000   Number         0  stubs.o ABSOLUTE
    _printf_o                                0x00000000   Number         0  stubs.o ABSOLUTE
    _printf_p                                0x00000000   Number         0  stubs.o ABSOLUTE
    _printf_percent                          0x00000000   Number         0  stubs.o ABSOLUTE
    _printf_pre_padding                      0x00000000   Number         0  stubs.o ABSOLUTE
    _printf_return_value                     0x00000000   Number         0  stubs.o ABSOLUTE
    _printf_s                                0x00000000   Number         0  stubs.o ABSOLUTE
    _printf_sizespec                         0x00000000   Number         0  stubs.o ABSOLUTE
    _printf_str                              0x00000000   Number         0  stubs.o ABSOLUTE
    _printf_truncate_signed                  0x00000000   Number         0  stubs.o ABSOLUTE
    _printf_truncate_unsigned                0x00000000   Number         0  stubs.o ABSOLUTE
    _printf_u                                0x00000000   Number         0  stubs.o ABSOLUTE
    _printf_wc                               0x00000000   Number         0  stubs.o ABSOLUTE
    _printf_wctomb                           0x00000000   Number         0  stubs.o ABSOLUTE
    _printf_widthprec                        0x00000000   Number         0  stubs.o ABSOLUTE
    _printf_x                                0x00000000   Number         0  stubs.o ABSOLUTE
    .bss.os.evflags.cb$$Base                  - Undefined Weak Reference
    .bss.os.evflags.cb$$Limit                 - Undefined Weak Reference
    .bss.os.mempool.cb$$Base                  - Undefined Weak Reference
    .bss.os.mempool.cb$$Limit                 - Undefined Weak Reference
    .bss.os.mutex.cb$$Base                    - Undefined Weak Reference
    .bss.os.mutex.cb$$Limit                   - Undefined Weak Reference
    .bss.os.semaphore.cb$$Base                - Undefined Weak Reference
    .bss.os.semaphore.cb$$Limit               - Undefined Weak Reference
    .bss.os.timer.cb$$Base                    - Undefined Weak Reference
    .bss.os.timer.cb$$Limit                   - Undefined Weak Reference
    __cpp_initialize__aeabi_                  - Undefined Weak Reference
    __cxa_finalize                            - Undefined Weak Reference
    _clock_init                               - Undefined Weak Reference
    _microlib_exit                            - Undefined Weak Reference
    __main                                   0x000000cd   Thumb Code     0  entry.o(.ARM.Collect$$$$00000000)
    _main_stk                                0x000000cd   Thumb Code     0  entry2.o(.ARM.Collect$$$$00000001)
    _main_scatterload                        0x000000d1   Thumb Code     0  entry5.o(.ARM.Collect$$$$00000004)
    __main_after_scatterload                 0x000000d5   Thumb Code     0  entry5.o(.ARM.Collect$$$$00000004)
    _main_clock                              0x000000d5   Thumb Code     0  entry7b.o(.ARM.Collect$$$$00000008)
    _main_cpp_init                           0x000000d5   Thumb Code     0  entry8b.o(.ARM.Collect$$$$0000000A)
    _main_init                               0x000000d5   Thumb Code     0  entry9a.o(.ARM.Collect$$$$0000000B)
    __rt_final_cpp                           0x000000dd   Thumb Code     0  entry10a.o(.ARM.Collect$$$$0000000D)
    __rt_final_exit                          0x000000dd   Thumb Code     0  entry11a.o(.ARM.Collect$$$$0000000F)
    __asm___13_rtx_mempool_c_7914b4c7__atomic_wr8 0x000000e1   Thumb Code    16  rtx_mempool.o(.emb_text)
    __asm___13_rtx_mempool_c_7914b4c7__atomic_set32 0x000000f1   Thumb Code    20  rtx_mempool.o(.emb_text)
    __asm___13_rtx_mempool_c_7914b4c7__atomic_clr32 0x00000105   Thumb Code    22  rtx_mempool.o(.emb_text)
    __asm___13_rtx_mempool_c_7914b4c7__atomic_chk32_all 0x0000011b   Thumb Code    38  rtx_mempool.o(.emb_text)
    __asm___13_rtx_mempool_c_7914b4c7__atomic_chk32_any 0x00000141   Thumb Code    34  rtx_mempool.o(.emb_text)
    __asm___13_rtx_mempool_c_7914b4c7__atomic_inc32 0x00000163   Thumb Code    18  rtx_mempool.o(.emb_text)
    __asm___13_rtx_mempool_c_7914b4c7__atomic_inc32_lt 0x00000175   Thumb Code    30  rtx_mempool.o(.emb_text)
    __asm___13_rtx_mempool_c_7914b4c7__atomic_inc16_lt 0x00000193   Thumb Code    30  rtx_mempool.o(.emb_text)
    __asm___13_rtx_mempool_c_7914b4c7__atomic_inc16_lim 0x000001b1   Thumb Code    26  rtx_mempool.o(.emb_text)
    __asm___13_rtx_mempool_c_7914b4c7__atomic_dec32_nz 0x000001cb   Thumb Code    26  rtx_mempool.o(.emb_text)
    __asm___13_rtx_mempool_c_7914b4c7__atomic_dec16_nz 0x000001e5   Thumb Code    26  rtx_mempool.o(.emb_text)
    __asm___13_rtx_mempool_c_7914b4c7__atomic_link_get 0x000001ff   Thumb Code    26  rtx_mempool.o(.emb_text)
    __asm___13_rtx_mempool_c_7914b4c7__atomic_link_put 0x00000219   Thumb Code    28  rtx_mempool.o(.emb_text)
    SVC_Handler                              0x00000235   Thumb Code   108  irq_cm3.o(.text)
    PendSV_Handler                           0x000002a1   Thumb Code    16  irq_cm3.o(.text)
    SysTick_Handler                          0x000002b1   Thumb Code    16  irq_cm3.o(.text)
    Reset_Handler                            0x000002c9   Thumb Code     8  startup_lpc17xx.o(.text)
    NMI_Handler                              0x000002d1   Thumb Code     2  startup_lpc17xx.o(.text)
    HardFault_Handler                        0x000002d3   Thumb Code     2  startup_lpc17xx.o(.text)
    MemManage_Handler                        0x000002d5   Thumb Code     2  startup_lpc17xx.o(.text)
    BusFault_Handler                         0x000002d7   Thumb Code     2  startup_lpc17xx.o(.text)
    UsageFault_Handler                       0x000002d9   Thumb Code     2  startup_lpc17xx.o(.text)
    DebugMon_Handler                         0x000002dd   Thumb Code     2  startup_lpc17xx.o(.text)
    ADC_IRQHandler                           0x000002e3   Thumb Code     0  startup_lpc17xx.o(.text)
    BOD_IRQHandler                           0x000002e3   Thumb Code     0  startup_lpc17xx.o(.text)
    CANActivity_IRQHandler                   0x000002e3   Thumb Code     0  startup_lpc17xx.o(.text)
    CAN_IRQHandler                           0x000002e3   Thumb Code     0  startup_lpc17xx.o(.text)
    DMA_IRQHandler                           0x000002e3   Thumb Code     0  startup_lpc17xx.o(.text)
    EINT0_IRQHandler                         0x000002e3   Thumb Code     0  startup_lpc17xx.o(.text)
    EINT1_IRQHandler                         0x000002e3   Thumb Code     0  startup_lpc17xx.o(.text)
    EINT2_IRQHandler                         0x000002e3   Thumb Code     0  startup_lpc17xx.o(.text)
    EINT3_IRQHandler                         0x000002e3   Thumb Code     0  startup_lpc17xx.o(.text)
    ENET_IRQHandler                          0x000002e3   Thumb Code     0  startup_lpc17xx.o(.text)
    I2C0_IRQHandler                          0x000002e3   Thumb Code     0  startup_lpc17xx.o(.text)
    I2C1_IRQHandler                          0x000002e3   Thumb Code     0  startup_lpc17xx.o(.text)
    I2C2_IRQHandler                          0x000002e3   Thumb Code     0  startup_lpc17xx.o(.text)
    I2S_IRQHandler                           0x000002e3   Thumb Code     0  startup_lpc17xx.o(.text)
    MCPWM_IRQHandler                         0x000002e3   Thumb Code     0  startup_lpc17xx.o(.text)
    PLL0_IRQHandler                          0x000002e3   Thumb Code     0  startup_lpc17xx.o(.text)
    PLL1_IRQHandler                          0x000002e3   Thumb Code     0  startup_lpc17xx.o(.text)
    PWM1_IRQHandler                          0x000002e3   Thumb Code     0  startup_lpc17xx.o(.text)
    QEI_IRQHandler                           0x000002e3   Thumb Code     0  startup_lpc17xx.o(.text)
    RIT_IRQHandler                           0x000002e3   Thumb Code     0  startup_lpc17xx.o(.text)
    RTC_IRQHandler                           0x000002e3   Thumb Code     0  startup_lpc17xx.o(.text)
    SPI_IRQHandler                           0x000002e3   Thumb Code     0  startup_lpc17xx.o(.text)
    SSP0_IRQHandler                          0x000002e3   Thumb Code     0  startup_lpc17xx.o(.text)
    SSP1_IRQHandler                          0x000002e3   Thumb Code     0  startup_lpc17xx.o(.text)
    TIMER0_IRQHandler                        0x000002e3   Thumb Code     0  startup_lpc17xx.o(.text)
    TIMER1_IRQHandler                        0x000002e3   Thumb Code     0  startup_lpc17xx.o(.text)
    TIMER2_IRQHandler                        0x000002e3   Thumb Code     0  startup_lpc17xx.o(.text)
    TIMER3_IRQHandler                        0x000002e3   Thumb Code     0  startup_lpc17xx.o(.text)
    UART2_IRQHandler                         0x000002e3   Thumb Code     0  startup_lpc17xx.o(.text)
    UART3_IRQHandler                         0x000002e3   Thumb Code     0  startup_lpc17xx.o(.text)
    USBActivity_IRQHandler                   0x000002e3   Thumb Code     0  startup_lpc17xx.o(.text)
    USB_IRQHandler                           0x000002e3   Thumb Code     0  startup_lpc17xx.o(.text)
    WDT_IRQHandler                           0x000002e3   Thumb Code     0  startup_lpc17xx.o(.text)
    EvrRtxEventFlagsWaitTimeout              0x000002ed   Thumb Code     2  rtx_evr.o(i.EvrRtxEventFlagsWaitTimeout)
    __I$use$fp                               0x000002ed   Thumb Code     0  iusefp.o(.text)
    EvrRtxKernelError                        0x000002ef   Thumb Code     2  rtx_evr.o(i.EvrRtxKernelError)
    EvrRtxKernelInitialize                   0x000002f1   Thumb Code     2  rtx_evr.o(i.EvrRtxKernelInitialize)
    EvrRtxKernelInitializeCompleted          0x000002f3   Thumb Code     2  rtx_evr.o(i.EvrRtxKernelInitializeCompleted)
    EvrRtxKernelStart                        0x000002f5   Thumb Code     2  rtx_evr.o(i.EvrRtxKernelStart)
    EvrRtxKernelStarted                      0x000002f7   Thumb Code     2  rtx_evr.o(i.EvrRtxKernelStarted)
    EvrRtxMemoryAlloc                        0x000002f9   Thumb Code     2  rtx_evr.o(i.EvrRtxMemoryAlloc)
    EvrRtxMemoryBlockAlloc                   0x000002fb   Thumb Code     2  rtx_evr.o(i.EvrRtxMemoryBlockAlloc)
    __asm___14_rtx_msgqueue_c_ba128ae8__atomic_wr8 0x00000301   Thumb Code    16  rtx_msgqueue.o(.emb_text)
    __asm___14_rtx_msgqueue_c_ba128ae8__atomic_set32 0x00000311   Thumb Code    20  rtx_msgqueue.o(.emb_text)
    __asm___14_rtx_msgqueue_c_ba128ae8__atomic_clr32 0x00000325   Thumb Code    22  rtx_msgqueue.o(.emb_text)
    __asm___14_rtx_msgqueue_c_ba128ae8__atomic_chk32_all 0x0000033b   Thumb Code    38  rtx_msgqueue.o(.emb_text)
    __asm___14_rtx_msgqueue_c_ba128ae8__atomic_chk32_any 0x00000361   Thumb Code    34  rtx_msgqueue.o(.emb_text)
    __asm___14_rtx_msgqueue_c_ba128ae8__atomic_inc32 0x00000383   Thumb Code    18  rtx_msgqueue.o(.emb_text)
    __asm___14_rtx_msgqueue_c_ba128ae8__atomic_inc32_lt 0x00000395   Thumb Code    30  rtx_msgqueue.o(.emb_text)
    __asm___14_rtx_msgqueue_c_ba128ae8__atomic_inc16_lt 0x000003b3   Thumb Code    30  rtx_msgqueue.o(.emb_text)
    __asm___14_rtx_msgqueue_c_ba128ae8__atomic_inc16_lim 0x000003d1   Thumb Code    26  rtx_msgqueue.o(.emb_text)
    __asm___14_rtx_msgqueue_c_ba128ae8__atomic_dec32_nz 0x000003eb   Thumb Code    26  rtx_msgqueue.o(.emb_text)
    __asm___14_rtx_msgqueue_c_ba128ae8__atomic_dec16_nz 0x00000405   Thumb Code    26  rtx_msgqueue.o(.emb_text)
    __asm___14_rtx_msgqueue_c_ba128ae8__atomic_link_get 0x0000041f   Thumb Code    26  rtx_msgqueue.o(.emb_text)
    __asm___14_rtx_msgqueue_c_ba128ae8__atomic_link_put 0x00000439   Thumb Code    28  rtx_msgqueue.o(.emb_text)
    __asm___12_rtx_system_c_024f2f18__atomic_wr8 0x00000455   Thumb Code    16  rtx_system.o(.emb_text)
    __asm___12_rtx_system_c_024f2f18__atomic_set32 0x00000465   Thumb Code    20  rtx_system.o(.emb_text)
    __asm___12_rtx_system_c_024f2f18__atomic_clr32 0x00000479   Thumb Code    22  rtx_system.o(.emb_text)
    __asm___12_rtx_system_c_024f2f18__atomic_chk32_all 0x0000048f   Thumb Code    38  rtx_system.o(.emb_text)
    __asm___12_rtx_system_c_024f2f18__atomic_chk32_any 0x000004b5   Thumb Code    34  rtx_system.o(.emb_text)
    __asm___12_rtx_system_c_024f2f18__atomic_inc32 0x000004d7   Thumb Code    18  rtx_system.o(.emb_text)
    __asm___12_rtx_system_c_024f2f18__atomic_inc32_lt 0x000004e9   Thumb Code    30  rtx_system.o(.emb_text)
    __asm___12_rtx_system_c_024f2f18__atomic_inc16_lt 0x00000507   Thumb Code    30  rtx_system.o(.emb_text)
    __asm___12_rtx_system_c_024f2f18__atomic_inc16_lim 0x00000525   Thumb Code    26  rtx_system.o(.emb_text)
    __asm___12_rtx_system_c_024f2f18__atomic_dec32_nz 0x0000053f   Thumb Code    26  rtx_system.o(.emb_text)
    __asm___12_rtx_system_c_024f2f18__atomic_dec16_nz 0x00000559   Thumb Code    26  rtx_system.o(.emb_text)
    __asm___12_rtx_system_c_024f2f18__atomic_link_get 0x00000573   Thumb Code    26  rtx_system.o(.emb_text)
    __asm___12_rtx_system_c_024f2f18__atomic_link_put 0x0000058d   Thumb Code    28  rtx_system.o(.emb_text)
    __asm___12_rtx_thread_c_add96be5__atomic_wr8 0x000005a9   Thumb Code    16  rtx_thread.o(.emb_text)
    __asm___12_rtx_thread_c_add96be5__atomic_set32 0x000005b9   Thumb Code    20  rtx_thread.o(.emb_text)
    __asm___12_rtx_thread_c_add96be5__atomic_clr32 0x000005cd   Thumb Code    22  rtx_thread.o(.emb_text)
    __asm___12_rtx_thread_c_add96be5__atomic_chk32_all 0x000005e3   Thumb Code    38  rtx_thread.o(.emb_text)
    __asm___12_rtx_thread_c_add96be5__atomic_chk32_any 0x00000609   Thumb Code    34  rtx_thread.o(.emb_text)
    __asm___12_rtx_thread_c_add96be5__atomic_inc32 0x0000062b   Thumb Code    18  rtx_thread.o(.emb_text)
    __asm___12_rtx_thread_c_add96be5__atomic_inc32_lt 0x0000063d   Thumb Code    30  rtx_thread.o(.emb_text)
    __asm___12_rtx_thread_c_add96be5__atomic_inc16_lt 0x0000065b   Thumb Code    30  rtx_thread.o(.emb_text)
    __asm___12_rtx_thread_c_add96be5__atomic_inc16_lim 0x00000679   Thumb Code    26  rtx_thread.o(.emb_text)
    __asm___12_rtx_thread_c_add96be5__atomic_dec32_nz 0x00000693   Thumb Code    26  rtx_thread.o(.emb_text)
    __asm___12_rtx_thread_c_add96be5__atomic_dec16_nz 0x000006ad   Thumb Code    26  rtx_thread.o(.emb_text)
    __asm___12_rtx_thread_c_add96be5__atomic_link_get 0x000006c7   Thumb Code    26  rtx_thread.o(.emb_text)
    __asm___12_rtx_thread_c_add96be5__atomic_link_put 0x000006e1   Thumb Code    28  rtx_thread.o(.emb_text)
    rand                                     0x000006fd   Thumb Code    20  rand.o(.text)
    srand                                    0x00000711   Thumb Code     6  rand.o(.text)
    __aeabi_memcpy                           0x00000721   Thumb Code    36  memcpya.o(.text)
    __aeabi_memcpy4                          0x00000721   Thumb Code     0  memcpya.o(.text)
    __aeabi_memcpy8                          0x00000721   Thumb Code     0  memcpya.o(.text)
    __aeabi_memset                           0x00000745   Thumb Code    14  memseta.o(.text)
    __aeabi_memset4                          0x00000745   Thumb Code     0  memseta.o(.text)
    __aeabi_memset8                          0x00000745   Thumb Code     0  memseta.o(.text)
    __aeabi_memclr                           0x00000753   Thumb Code     4  memseta.o(.text)
    __aeabi_memclr4                          0x00000753   Thumb Code     0  memseta.o(.text)
    __aeabi_memclr8                          0x00000753   Thumb Code     0  memseta.o(.text)
    _memset$wrapper                          0x00000757   Thumb Code    18  memseta.o(.text)
    __aeabi_dadd                             0x00000769   Thumb Code   322  dadd.o(.text)
    __aeabi_dsub                             0x000008ab   Thumb Code     6  dadd.o(.text)
    __aeabi_drsub                            0x000008b1   Thumb Code     6  dadd.o(.text)
    __aeabi_dmul                             0x000008b7   Thumb Code   228  dmul.o(.text)
    __aeabi_ddiv                             0x0000099b   Thumb Code   222  ddiv.o(.text)
    __aeabi_ui2d                             0x00000a79   Thumb Code    26  dfltui.o(.text)
    __aeabi_d2uiz                            0x00000a93   Thumb Code    50  dfixui.o(.text)
    __aeabi_uidiv                            0x00000ac5   Thumb Code     0  uidiv.o(.text)
    __aeabi_uidivmod                         0x00000ac5   Thumb Code    44  uidiv.o(.text)
    __aeabi_llsl                             0x00000af1   Thumb Code    30  llshl.o(.text)
    _ll_shift_l                              0x00000af1   Thumb Code     0  llshl.o(.text)
    __aeabi_llsr                             0x00000b0f   Thumb Code    32  llushr.o(.text)
    _ll_ushift_r                             0x00000b0f   Thumb Code     0  llushr.o(.text)
    __aeabi_lasr                             0x00000b2f   Thumb Code    36  llsshr.o(.text)
    _ll_sshift_r                             0x00000b2f   Thumb Code     0  llsshr.o(.text)
    _double_round                            0x00000b53   Thumb Code    30  depilogue.o(.text)
    _double_epilogue                         0x00000b71   Thumb Code   156  depilogue.o(.text)
    __scatterload                            0x00000c0d   Thumb Code    28  init.o(.text)
    __scatterload_rt2                        0x00000c0d   Thumb Code     0  init.o(.text)
    __decompress                             0x00000c31   Thumb Code     0  __dczerorl.o(.text)
    __decompress0                            0x00000c31   Thumb Code    58  __dczerorl.o(.text)
    EvrRtxMemoryBlockFree                    0x00000c6b   Thumb Code     2  rtx_evr.o(i.EvrRtxMemoryBlockFree)
    EvrRtxMemoryBlockInit                    0x00000c6d   Thumb Code     2  rtx_evr.o(i.EvrRtxMemoryBlockInit)
    EvrRtxMemoryFree                         0x00000c6f   Thumb Code     2  rtx_evr.o(i.EvrRtxMemoryFree)
    EvrRtxMemoryInit                         0x00000c71   Thumb Code     2  rtx_evr.o(i.EvrRtxMemoryInit)
    EvrRtxMemoryPoolAllocTimeout             0x00000c73   Thumb Code     2  rtx_evr.o(i.EvrRtxMemoryPoolAllocTimeout)
    EvrRtxMessageQueueCreated                0x00000c75   Thumb Code     2  rtx_evr.o(i.EvrRtxMessageQueueCreated)
    EvrRtxMessageQueueError                  0x00000c77   Thumb Code     2  rtx_evr.o(i.EvrRtxMessageQueueError)
    EvrRtxMessageQueueGet                    0x00000c79   Thumb Code     2  rtx_evr.o(i.EvrRtxMessageQueueGet)
    EvrRtxMessageQueueGetPending             0x00000c7b   Thumb Code     2  rtx_evr.o(i.EvrRtxMessageQueueGetPending)
    EvrRtxMessageQueueGetTimeout             0x00000c7d   Thumb Code     2  rtx_evr.o(i.EvrRtxMessageQueueGetTimeout)
    EvrRtxMessageQueueInsertPending          0x00000c7f   Thumb Code     2  rtx_evr.o(i.EvrRtxMessageQueueInsertPending)
    EvrRtxMessageQueueInserted               0x00000c81   Thumb Code     2  rtx_evr.o(i.EvrRtxMessageQueueInserted)
    EvrRtxMessageQueueNew                    0x00000c83   Thumb Code     2  rtx_evr.o(i.EvrRtxMessageQueueNew)
    EvrRtxMessageQueueNotInserted            0x00000c85   Thumb Code     2  rtx_evr.o(i.EvrRtxMessageQueueNotInserted)
    EvrRtxMessageQueueNotRetrieved           0x00000c87   Thumb Code     2  rtx_evr.o(i.EvrRtxMessageQueueNotRetrieved)
    EvrRtxMessageQueuePut                    0x00000c89   Thumb Code     2  rtx_evr.o(i.EvrRtxMessageQueuePut)
    EvrRtxMessageQueuePutPending             0x00000c8b   Thumb Code     2  rtx_evr.o(i.EvrRtxMessageQueuePutPending)
    EvrRtxMessageQueuePutTimeout             0x00000c8d   Thumb Code     2  rtx_evr.o(i.EvrRtxMessageQueuePutTimeout)
    EvrRtxMessageQueueRetrieved              0x00000c8f   Thumb Code     2  rtx_evr.o(i.EvrRtxMessageQueueRetrieved)
    EvrRtxMutexAcquire                       0x00000c91   Thumb Code     2  rtx_evr.o(i.EvrRtxMutexAcquire)
    EvrRtxMutexAcquirePending                0x00000c93   Thumb Code     2  rtx_evr.o(i.EvrRtxMutexAcquirePending)
    EvrRtxMutexAcquireTimeout                0x00000c95   Thumb Code     2  rtx_evr.o(i.EvrRtxMutexAcquireTimeout)
    EvrRtxMutexAcquired                      0x00000c97   Thumb Code     2  rtx_evr.o(i.EvrRtxMutexAcquired)
    EvrRtxMutexCreated                       0x00000c99   Thumb Code     2  rtx_evr.o(i.EvrRtxMutexCreated)
    EvrRtxMutexError                         0x00000c9b   Thumb Code     2  rtx_evr.o(i.EvrRtxMutexError)
    EvrRtxMutexNew                           0x00000c9d   Thumb Code     2  rtx_evr.o(i.EvrRtxMutexNew)
    EvrRtxMutexNotAcquired                   0x00000c9f   Thumb Code     2  rtx_evr.o(i.EvrRtxMutexNotAcquired)
    EvrRtxMutexRelease                       0x00000ca1   Thumb Code     2  rtx_evr.o(i.EvrRtxMutexRelease)
    EvrRtxMutexReleased                      0x00000ca3   Thumb Code     2  rtx_evr.o(i.EvrRtxMutexReleased)
    EvrRtxSemaphoreAcquireTimeout            0x00000ca5   Thumb Code     2  rtx_evr.o(i.EvrRtxSemaphoreAcquireTimeout)
    EvrRtxThreadBlocked                      0x00000ca7   Thumb Code     2  rtx_evr.o(i.EvrRtxThreadBlocked)
    EvrRtxThreadCreated                      0x00000ca9   Thumb Code     2  rtx_evr.o(i.EvrRtxThreadCreated)
    EvrRtxThreadDelay                        0x00000cab   Thumb Code     2  rtx_evr.o(i.EvrRtxThreadDelay)
    EvrRtxThreadDelayCompleted               0x00000cad   Thumb Code     2  rtx_evr.o(i.EvrRtxThreadDelayCompleted)
    EvrRtxThreadDestroyed                    0x00000caf   Thumb Code     2  rtx_evr.o(i.EvrRtxThreadDestroyed)
    EvrRtxThreadError                        0x00000cb1   Thumb Code     2  rtx_evr.o(i.EvrRtxThreadError)
    EvrRtxThreadExit                         0x00000cb3   Thumb Code     2  rtx_evr.o(i.EvrRtxThreadExit)
    EvrRtxThreadFlagsWaitCompleted           0x00000cb5   Thumb Code     2  rtx_evr.o(i.EvrRtxThreadFlagsWaitCompleted)
    EvrRtxThreadFlagsWaitTimeout             0x00000cb7   Thumb Code     2  rtx_evr.o(i.EvrRtxThreadFlagsWaitTimeout)
    EvrRtxThreadJoined                       0x00000cb9   Thumb Code     2  rtx_evr.o(i.EvrRtxThreadJoined)
    EvrRtxThreadNew                          0x00000cbb   Thumb Code     2  rtx_evr.o(i.EvrRtxThreadNew)
    EvrRtxThreadPreempted                    0x00000cbd   Thumb Code     2  rtx_evr.o(i.EvrRtxThreadPreempted)
    EvrRtxThreadSwitched                     0x00000cbf   Thumb Code     2  rtx_evr.o(i.EvrRtxThreadSwitched)
    EvrRtxThreadUnblocked                    0x00000cc1   Thumb Code     2  rtx_evr.o(i.EvrRtxThreadUnblocked)
    EvrRtxThreadYield                        0x00000cc3   Thumb Code     2  rtx_evr.o(i.EvrRtxThreadYield)
    EvrRtxTimerCallback                      0x00000cc5   Thumb Code     2  rtx_evr.o(i.EvrRtxTimerCallback)
    Free                                     0x00000cc7   Thumb Code     6  uart.o(i.Free)
    FreeRcv                                  0x00000ccd   Thumb Code    28  uart.o(i.FreeRcv)
    FreeSnd                                  0x00000cf1   Thumb Code    28  uart.o(i.FreeSnd)
    GLCD_Clear                               0x00000d15   Thumb Code    42  glcd_spi_lpc1700.o(i.GLCD_Clear)
    GLCD_DisplayChar                         0x00000d41   Thumb Code    84  glcd_spi_lpc1700.o(i.GLCD_DisplayChar)
    GLCD_DisplayString                       0x00000d9d   Thumb Code    40  glcd_spi_lpc1700.o(i.GLCD_DisplayString)
    GLCD_DrawChar                            0x00000dc5   Thumb Code   150  glcd_spi_lpc1700.o(i.GLCD_DrawChar)
    GLCD_Init                                0x00000e61   Thumb Code  1506  glcd_spi_lpc1700.o(i.GLCD_Init)
    GLCD_PutPixel                            0x00001449   Thumb Code   118  glcd_spi_lpc1700.o(i.GLCD_PutPixel)
    GLCD_SetBackColor                        0x000014c9   Thumb Code     6  glcd_spi_lpc1700.o(i.GLCD_SetBackColor)
    GLCD_SetTextColor                        0x000014d5   Thumb Code     6  glcd_spi_lpc1700.o(i.GLCD_SetTextColor)
    GLCD_SetWindow                           0x000014e1   Thumb Code   168  glcd_spi_lpc1700.o(i.GLCD_SetWindow)
    GLCD_WindowMax                           0x0000158d   Thumb Code    18  glcd_spi_lpc1700.o(i.GLCD_WindowMax)
    GraphicsDisplay                          0x000015a1   Thumb Code   286  main.o(i.GraphicsDisplay)
    OS_Tick_AcknowledgeIRQ                   0x000018b9   Thumb Code     8  os_systick.o(i.OS_Tick_AcknowledgeIRQ)
    OS_Tick_Enable                           0x000018c1   Thumb Code    38  os_systick.o(i.OS_Tick_Enable)
    OS_Tick_GetIRQn                          0x000018f1   Thumb Code     6  os_systick.o(i.OS_Tick_GetIRQn)
    OS_Tick_Setup                            0x000018f9   Thumb Code    66  os_systick.o(i.OS_Tick_Setup)
    SystemInit                               0x00001949   Thumb Code   302  system_lpc17xx.o(i.SystemInit)
    UART0_IRQHandler                         0x00001b39   Thumb Code    88  uart.o(i.UART0_IRQHandler)
    UART1_IRQHandler                         0x00001ba1   Thumb Code    90  uart.o(i.UART1_IRQHandler)
    UARTInit                                 0x00001c11   Thumb Code   176  uart.o(i.UARTInit)
    UARTSendChar                             0x00001ccd   Thumb Code    26  uart.o(i.UARTSendChar)
    __0printf$6                              0x00001cf1   Thumb Code    22  printf6.o(i.__0printf$6)
    __1printf$6                              0x00001cf1   Thumb Code     0  printf6.o(i.__0printf$6)
    __2printf                                0x00001cf1   Thumb Code     0  printf6.o(i.__0printf$6)
    __0sprintf$6                             0x00001d11   Thumb Code    34  printf6.o(i.__0sprintf$6)
    __1sprintf$6                             0x00001d11   Thumb Code     0  printf6.o(i.__0sprintf$6)
    __2sprintf                               0x00001d11   Thumb Code     0  printf6.o(i.__0sprintf$6)
    __scatterload_copy                       0x00001d53   Thumb Code    14  handlers.o(i.__scatterload_copy)
    __scatterload_null                       0x00001d61   Thumb Code     2  handlers.o(i.__scatterload_null)
    __scatterload_zeroinit                   0x00001d63   Thumb Code    14  handlers.o(i.__scatterload_zeroinit)
    addBodySeg                               0x000020bd   Thumb Code    56  main.o(i.addBodySeg)
    collision                                0x000020fd   Thumb Code   174  main.o(i.collision)
    fillCoord                                0x000021cf   Thumb Code    60  main.o(i.fillCoord)
    foodGeneration                           0x0000220d   Thumb Code    54  main.o(i.foodGeneration)
    fputc                                    0x0000224d   Thumb Code    14  retarget.o(i.fputc)
    getFrequency                             0x0000225d   Thumb Code    62  uart.o(i.getFrequency)
    get_dir                                  0x000022a5   Thumb Code    90  main.o(i.get_dir)
    joyStick                                 0x000024ad   Thumb Code    50  main.o(i.joyStick)
    main                                     0x000024e9   Thumb Code   214  main.o(i.main)
    malloc                                   0x00002609   Thumb Code    92  malloc.o(i.malloc)
    osDelay                                  0x00002675   Thumb Code    56  rtx_delay.o(i.osDelay)
    osKernelInitialize                       0x000026b1   Thumb Code    48  rtx_kernel.o(i.osKernelInitialize)
    osKernelStart                            0x000026e5   Thumb Code    48  rtx_kernel.o(i.osKernelStart)
    osMessageQueueGet                        0x00002719   Thumb Code    78  rtx_msgqueue.o(i.osMessageQueueGet)
    osMessageQueueNew                        0x0000276d   Thumb Code    70  rtx_msgqueue.o(i.osMessageQueueNew)
    osMessageQueuePut                        0x000027b9   Thumb Code    78  rtx_msgqueue.o(i.osMessageQueuePut)
    osMutexAcquire                           0x0000280d   Thumb Code    62  rtx_mutex.o(i.osMutexAcquire)
    osMutexNew                               0x00002851   Thumb Code    54  rtx_mutex.o(i.osMutexNew)
    osMutexRelease                           0x0000288d   Thumb Code    56  rtx_mutex.o(i.osMutexRelease)
    osRtxErrorNotify                         0x000028c9   Thumb Code    32  rtx_config.o(i.osRtxErrorNotify)
    osRtxIdleThread                          0x000028e9   Thumb Code     4  rtx_config.o(i.osRtxIdleThread)
    osRtxMemoryAlloc                         0x000028f9   Thumb Code   238  rtx_memory.o(i.osRtxMemoryAlloc)
    osRtxMemoryFree                          0x000029e7   Thumb Code   124  rtx_memory.o(i.osRtxMemoryFree)
    osRtxMemoryInit                          0x00002a63   Thumb Code   106  rtx_memory.o(i.osRtxMemoryInit)
    osRtxMemoryPoolAlloc                     0x00002acd   Thumb Code    58  rtx_mempool.o(i.osRtxMemoryPoolAlloc)
    osRtxMemoryPoolFree                      0x00002b07   Thumb Code    78  rtx_mempool.o(i.osRtxMemoryPoolFree)
    osRtxMemoryPoolInit                      0x00002b55   Thumb Code    88  rtx_mempool.o(i.osRtxMemoryPoolInit)
    osRtxMutexOwnerRelease                   0x00002cd5   Thumb Code    94  rtx_mutex.o(i.osRtxMutexOwnerRelease)
    osRtxPendSV_Handler                      0x00002d35   Thumb Code   126  rtx_system.o(i.osRtxPendSV_Handler)
    osRtxPostProcess                         0x00002db9   Thumb Code    50  rtx_system.o(i.osRtxPostProcess)
    osRtxThreadDelayTick                     0x00002f11   Thumb Code   216  rtx_thread.o(i.osRtxThreadDelayTick)
    osRtxThreadDispatch                      0x00002fed   Thumb Code   106  rtx_thread.o(i.osRtxThreadDispatch)
    osRtxThreadListGet                       0x000030c9   Thumb Code    28  rtx_thread.o(i.osRtxThreadListGet)
    osRtxThreadListPut                       0x000030e5   Thumb Code    50  rtx_thread.o(i.osRtxThreadListPut)
    osRtxThreadListRemove                    0x00003117   Thumb Code    26  rtx_thread.o(i.osRtxThreadListRemove)
    osRtxThreadListSort                      0x00003143   Thumb Code    42  rtx_thread.o(i.osRtxThreadListSort)
    osRtxThreadReadyPut                      0x000031ad   Thumb Code    18  rtx_thread.o(i.osRtxThreadReadyPut)
    osRtxThreadRegPtr                        0x000031c5   Thumb Code    14  rtx_thread.o(i.osRtxThreadRegPtr)
    osRtxThreadStackCheck                    0x000031e1   Thumb Code    38  rtx_thread.o(i.osRtxThreadStackCheck)
    osRtxThreadStartup                       0x0000320d   Thumb Code    78  rtx_thread.o(i.osRtxThreadStartup)
    osRtxThreadSwitch                        0x0000326d   Thumb Code    24  rtx_thread.o(i.osRtxThreadSwitch)
    osRtxThreadWaitEnter                     0x00003289   Thumb Code    78  rtx_thread.o(i.osRtxThreadWaitEnter)
    osRtxThreadWaitExit                      0x000032dd   Thumb Code    54  rtx_thread.o(i.osRtxThreadWaitExit)
    osRtxTick_Handler                        0x00003315   Thumb Code   154  rtx_system.o(i.osRtxTick_Handler)
    osRtxTimerThread                         0x000033b5   Thumb Code    76  rtx_timer.o(i.osRtxTimerThread)
    osThreadExit                             0x00003469   Thumb Code    28  rtx_thread.o(i.osThreadExit)
    osThreadNew                              0x00003489   Thumb Code    70  rtx_thread.o(i.osThreadNew)
    osThreadYield                            0x000034d5   Thumb Code    50  rtx_thread.o(i.osThreadYield)
    potentiometer                            0x0000350d   Thumb Code    92  main.o(i.potentiometer)
    printSnake                               0x00003581   Thumb Code    26  main.o(i.printSnake)
    scoreupdater                             0x00003675   Thumb Code   218  main.o(i.scoreupdater)
    sendchar                                 0x00003759   Thumb Code    64  retarget.o(i.sendchar)
    snakeMove                                0x0000379d   Thumb Code   146  main.o(i.snakeMove)
    Font_6x8_h                               0x00004740   Data         896  glcd_spi_lpc1700.o(.constdata)
    Font_16x24_h                             0x00004ac0   Data        5376  glcd_spi_lpc1700.o(.constdata)
    osRtxUserSVC                             0x00006058   Data           4  rtx_lib.o(.constdata)
    osRtxConfig                              0x00006068   Data         104  rtx_lib.o(.rodata)
    Region$$Table$$Base                      0x000060d0   Number         0  anon$$obj.o(Region$$Table)
    Region$$Table$$Limit                     0x000060f0   Number         0  anon$$obj.o(Region$$Table)
    .bss.os.msgqueue.cb$$Base                0x10001040   Number         0  rtx_lib.o(.bss.os.msgqueue.cb)
    .bss.os.msgqueue.cb$$Limit               0x10001074   Number         0  rtx_lib.o(.bss.os.msgqueue.cb)
    .bss.os.thread.cb$$Base                  0x100010c4   Number         0  rtx_lib.o(.bss.os.thread.cb)
    .bss.os.thread.cb$$Limit                 0x1000114c   Number         0  rtx_lib.o(.bss.os.thread.cb)
    uart_init_called                         0x10001358   Data           1  retarget.o(.data)
    __stdout                                 0x1000135c   Data           4  retarget.o(.data)
    __stdin                                  0x10001360   Data           4  retarget.o(.data)
    ITM_RxBuffer                             0x10001364   Data           4  uart.o(.data)
    UART0Status                              0x10001368   Data           4  uart.o(.data)
    UART1Status                              0x1000136c   Data           4  uart.o(.data)
    UART0TxEmpty                             0x10001370   Data           1  uart.o(.data)
    UART1TxEmpty                             0x10001371   Data           1  uart.o(.data)
    UART0Count                               0x10001374   Data           4  uart.o(.data)
    UART1Count                               0x10001378   Data           4  uart.o(.data)
    RcvLock0                                 0x1000137c   Data           1  uart.o(.data)
    SndLock0                                 0x1000137d   Data           1  uart.o(.data)
    RcvLock1                                 0x1000137e   Data           1  uart.o(.data)
    SndLock1                                 0x1000137f   Data           1  uart.o(.data)
    i                                        0x10001380   Data           4  uart.o(.data)
    SNAKE_COLOR                              0x10001388   Data           2  main.o(.data)
    GRASS_COLOR                              0x1000138a   Data           2  main.o(.data)
    HEAD_COLOR                               0x1000138c   Data           2  main.o(.data)
    FOOD_COLOR                               0x1000138e   Data           2  main.o(.data)
    mutex                                    0x10001390   Data           4  main.o(.data)
    score                                    0x10001394   Data           4  main.o(.data)
    gameOver                                 0x10001398   Data           4  main.o(.data)
    dir                                      0x1000139c   Data           4  main.o(.data)
    speed                                    0x100013a0   Data           8  main.o(.data)
    foodLocation                             0x100013a8   Data           8  main.o(.data)
    SystemCoreClock                          0x100013b4   Data           4  system_lpc17xx.o(.data)
    __microlib_freelist                      0x100013bc   Data           4  mvars.o(.data)
    __microlib_freelist_initialised          0x100013c0   Data           4  mvars.o(.data)
    osRtxInfo                                0x100013c4   Data         164  rtx_kernel.o(.data.os)
    UART0Buffer                              0x10001468   Data          64  uart.o(.bss)
    UART1Buffer                              0x100014a8   Data          64  uart.o(.bss)
    snake                                    0x100014e8   Data          12  main.o(.bss)
    __heap_base                              0x100014f8   Data           0  startup_lpc17xx.o(HEAP)
    __heap_limit                             0x100034f8   Data           0  startup_lpc17xx.o(HEAP)
    __initial_sp                             0x100054f8   Data           0  startup_lpc17xx.o(STACK)



==============================================================================

Memory Map of the image

  Image Entry point : 0x000002c9

  Load Region LR_1 (Base: 0x00000000, Size: 0x00007558, Max: 0xffffffff, ABSOLUTE, COMPRESSED[0x00006144])

    Execution Region ER_RO (Exec base: 0x00000000, Load base: 0x00000000, Size: 0x000060f0, Max: 0xffffffff, ABSOLUTE)

    Exec Addr    Load Addr    Size         Type   Attr      Idx    E Section Name        Object

    0x00000000   0x00000000   0x000000cc   Data   RO         3453    RESET               startup_lpc17xx.o
    0x000000cc   0x000000cc   0x00000000   Code   RO         3497  * .ARM.Collect$$$$00000000  mc_w.l(entry.o)
    0x000000cc   0x000000cc   0x00000004   Code   RO         3810    .ARM.Collect$$$$00000001  mc_w.l(entry2.o)
    0x000000d0   0x000000d0   0x00000004   Code   RO         3813    .ARM.Collect$$$$00000004  mc_w.l(entry5.o)
    0x000000d4   0x000000d4   0x00000000   Code   RO         3815    .ARM.Collect$$$$00000008  mc_w.l(entry7b.o)
    0x000000d4   0x000000d4   0x00000000   Code   RO         3817    .ARM.Collect$$$$0000000A  mc_w.l(entry8b.o)
    0x000000d4   0x000000d4   0x00000008   Code   RO         3818    .ARM.Collect$$$$0000000B  mc_w.l(entry9a.o)
    0x000000dc   0x000000dc   0x00000000   Code   RO         3820    .ARM.Collect$$$$0000000D  mc_w.l(entry10a.o)
    0x000000dc   0x000000dc   0x00000000   Code   RO         3822    .ARM.Collect$$$$0000000F  mc_w.l(entry11a.o)
    0x000000dc   0x000000dc   0x00000004   Code   RO         3811    .ARM.Collect$$$$00002712  mc_w.l(entry2.o)
    0x000000e0   0x000000e0   0x00000154   Code   RO         2172    .emb_text           rtx_mempool.o
    0x00000234   0x00000234   0x00000094   Code   RO          618    .text               irq_cm3.o
    0x000002c8   0x000002c8   0x00000024   Code   RO         3455  * .text               startup_lpc17xx.o
    0x000002ec   0x000002ec   0x00000000   Code   RO         3834    .text               mc_w.l(iusefp.o)
    0x000002ec   0x000002ec   0x00000002   Code   RO          870    i.EvrRtxEventFlagsWaitTimeout  rtx_evr.o
    0x000002ee   0x000002ee   0x00000002   Code   RO          871    i.EvrRtxKernelError  rtx_evr.o
    0x000002f0   0x000002f0   0x00000002   Code   RO          879    i.EvrRtxKernelInitialize  rtx_evr.o
    0x000002f2   0x000002f2   0x00000002   Code   RO          880    i.EvrRtxKernelInitializeCompleted  rtx_evr.o
    0x000002f4   0x000002f4   0x00000002   Code   RO          887    i.EvrRtxKernelStart  rtx_evr.o
    0x000002f6   0x000002f6   0x00000002   Code   RO          888    i.EvrRtxKernelStarted  rtx_evr.o
    0x000002f8   0x000002f8   0x00000002   Code   RO          893    i.EvrRtxMemoryAlloc  rtx_evr.o
    0x000002fa   0x000002fa   0x00000002   Code   RO          894    i.EvrRtxMemoryBlockAlloc  rtx_evr.o
    0x000002fc   0x000002fc   0x00000004   Code   RO         3454    .ARM.__at_0x02FC    startup_lpc17xx.o
    0x00000300   0x00000300   0x00000154   Code   RO         2339    .emb_text           rtx_msgqueue.o
    0x00000454   0x00000454   0x00000154   Code   RO         2750    .emb_text           rtx_system.o
    0x000005a8   0x000005a8   0x00000154   Code   RO         2806    .emb_text           rtx_thread.o
    0x000006fc   0x000006fc   0x00000024   Code   RO         3502    .text               mc_w.l(rand.o)
    0x00000720   0x00000720   0x00000024   Code   RO         3505    .text               mc_w.l(memcpya.o)
    0x00000744   0x00000744   0x00000024   Code   RO         3507    .text               mc_w.l(memseta.o)
    0x00000768   0x00000768   0x0000014e   Code   RO         3800    .text               mf_w.l(dadd.o)
    0x000008b6   0x000008b6   0x000000e4   Code   RO         3802    .text               mf_w.l(dmul.o)
    0x0000099a   0x0000099a   0x000000de   Code   RO         3804    .text               mf_w.l(ddiv.o)
    0x00000a78   0x00000a78   0x0000001a   Code   RO         3806    .text               mf_w.l(dfltui.o)
    0x00000a92   0x00000a92   0x00000032   Code   RO         3808    .text               mf_w.l(dfixui.o)
    0x00000ac4   0x00000ac4   0x0000002c   Code   RO         3824    .text               mc_w.l(uidiv.o)
    0x00000af0   0x00000af0   0x0000001e   Code   RO         3826    .text               mc_w.l(llshl.o)
    0x00000b0e   0x00000b0e   0x00000020   Code   RO         3828    .text               mc_w.l(llushr.o)
    0x00000b2e   0x00000b2e   0x00000024   Code   RO         3830    .text               mc_w.l(llsshr.o)
    0x00000b52   0x00000b52   0x000000ba   Code   RO         3835    .text               mf_w.l(depilogue.o)
    0x00000c0c   0x00000c0c   0x00000024   Code   RO         3841    .text               mc_w.l(init.o)
    0x00000c30   0x00000c30   0x0000003a   Code   RO         3851    .text               mc_w.l(__dczerorl.o)
    0x00000c6a   0x00000c6a   0x00000002   Code   RO          895    i.EvrRtxMemoryBlockFree  rtx_evr.o
    0x00000c6c   0x00000c6c   0x00000002   Code   RO          896    i.EvrRtxMemoryBlockInit  rtx_evr.o
    0x00000c6e   0x00000c6e   0x00000002   Code   RO          897    i.EvrRtxMemoryFree  rtx_evr.o
    0x00000c70   0x00000c70   0x00000002   Code   RO          898    i.EvrRtxMemoryInit  rtx_evr.o
    0x00000c72   0x00000c72   0x00000002   Code   RO          902    i.EvrRtxMemoryPoolAllocTimeout  rtx_evr.o
    0x00000c74   0x00000c74   0x00000002   Code   RO          917    i.EvrRtxMessageQueueCreated  rtx_evr.o
    0x00000c76   0x00000c76   0x00000002   Code   RO          920    i.EvrRtxMessageQueueError  rtx_evr.o
    0x00000c78   0x00000c78   0x00000002   Code   RO          921    i.EvrRtxMessageQueueGet  rtx_evr.o
    0x00000c7a   0x00000c7a   0x00000002   Code   RO          926    i.EvrRtxMessageQueueGetPending  rtx_evr.o
    0x00000c7c   0x00000c7c   0x00000002   Code   RO          928    i.EvrRtxMessageQueueGetTimeout  rtx_evr.o
    0x00000c7e   0x00000c7e   0x00000002   Code   RO          929    i.EvrRtxMessageQueueInsertPending  rtx_evr.o
    0x00000c80   0x00000c80   0x00000002   Code   RO          930    i.EvrRtxMessageQueueInserted  rtx_evr.o
    0x00000c82   0x00000c82   0x00000002   Code   RO          931    i.EvrRtxMessageQueueNew  rtx_evr.o
    0x00000c84   0x00000c84   0x00000002   Code   RO          932    i.EvrRtxMessageQueueNotInserted  rtx_evr.o
    0x00000c86   0x00000c86   0x00000002   Code   RO          933    i.EvrRtxMessageQueueNotRetrieved  rtx_evr.o
    0x00000c88   0x00000c88   0x00000002   Code   RO          934    i.EvrRtxMessageQueuePut  rtx_evr.o
    0x00000c8a   0x00000c8a   0x00000002   Code   RO          935    i.EvrRtxMessageQueuePutPending  rtx_evr.o
    0x00000c8c   0x00000c8c   0x00000002   Code   RO          936    i.EvrRtxMessageQueuePutTimeout  rtx_evr.o
    0x00000c8e   0x00000c8e   0x00000002   Code   RO          939    i.EvrRtxMessageQueueRetrieved  rtx_evr.o
    0x00000c90   0x00000c90   0x00000002   Code   RO          940    i.EvrRtxMutexAcquire  rtx_evr.o
    0x00000c92   0x00000c92   0x00000002   Code   RO          941    i.EvrRtxMutexAcquirePending  rtx_evr.o
    0x00000c94   0x00000c94   0x00000002   Code   RO          942    i.EvrRtxMutexAcquireTimeout  rtx_evr.o
    0x00000c96   0x00000c96   0x00000002   Code   RO          943    i.EvrRtxMutexAcquired  rtx_evr.o
    0x00000c98   0x00000c98   0x00000002   Code   RO          944    i.EvrRtxMutexCreated  rtx_evr.o
    0x00000c9a   0x00000c9a   0x00000002   Code   RO          947    i.EvrRtxMutexError  rtx_evr.o
    0x00000c9c   0x00000c9c   0x00000002   Code   RO          950    i.EvrRtxMutexNew    rtx_evr.o
    0x00000c9e   0x00000c9e   0x00000002   Code   RO          951    i.EvrRtxMutexNotAcquired  rtx_evr.o
    0x00000ca0   0x00000ca0   0x00000002   Code   RO          952    i.EvrRtxMutexRelease  rtx_evr.o
    0x00000ca2   0x00000ca2   0x00000002   Code   RO          953    i.EvrRtxMutexReleased  rtx_evr.o
    0x00000ca4   0x00000ca4   0x00000002   Code   RO          956    i.EvrRtxSemaphoreAcquireTimeout  rtx_evr.o
    0x00000ca6   0x00000ca6   0x00000002   Code   RO          968    i.EvrRtxThreadBlocked  rtx_evr.o
    0x00000ca8   0x00000ca8   0x00000002   Code   RO          969    i.EvrRtxThreadCreated  rtx_evr.o
    0x00000caa   0x00000caa   0x00000002   Code   RO          970    i.EvrRtxThreadDelay  rtx_evr.o
    0x00000cac   0x00000cac   0x00000002   Code   RO          971    i.EvrRtxThreadDelayCompleted  rtx_evr.o
    0x00000cae   0x00000cae   0x00000002   Code   RO          973    i.EvrRtxThreadDestroyed  rtx_evr.o
    0x00000cb0   0x00000cb0   0x00000002   Code   RO          977    i.EvrRtxThreadError  rtx_evr.o
    0x00000cb2   0x00000cb2   0x00000002   Code   RO          978    i.EvrRtxThreadExit  rtx_evr.o
    0x00000cb4   0x00000cb4   0x00000002   Code   RO          985    i.EvrRtxThreadFlagsWaitCompleted  rtx_evr.o
    0x00000cb6   0x00000cb6   0x00000002   Code   RO          988    i.EvrRtxThreadFlagsWaitTimeout  rtx_evr.o
    0x00000cb8   0x00000cb8   0x00000002   Code   RO          998    i.EvrRtxThreadJoined  rtx_evr.o
    0x00000cba   0x00000cba   0x00000002   Code   RO          999    i.EvrRtxThreadNew   rtx_evr.o
    0x00000cbc   0x00000cbc   0x00000002   Code   RO         1000    i.EvrRtxThreadPreempted  rtx_evr.o
    0x00000cbe   0x00000cbe   0x00000002   Code   RO         1006    i.EvrRtxThreadSwitched  rtx_evr.o
    0x00000cc0   0x00000cc0   0x00000002   Code   RO         1008    i.EvrRtxThreadUnblocked  rtx_evr.o
    0x00000cc2   0x00000cc2   0x00000002   Code   RO         1009    i.EvrRtxThreadYield  rtx_evr.o
    0x00000cc4   0x00000cc4   0x00000002   Code   RO         1010    i.EvrRtxTimerCallback  rtx_evr.o
    0x00000cc6   0x00000cc6   0x00000006   Code   RO          395    i.Free              uart.o
    0x00000ccc   0x00000ccc   0x00000024   Code   RO          396    i.FreeRcv           uart.o
    0x00000cf0   0x00000cf0   0x00000024   Code   RO          397    i.FreeSnd           uart.o
    0x00000d14   0x00000d14   0x0000002a   Code   RO          144    i.GLCD_Clear        glcd_spi_lpc1700.o
    0x00000d3e   0x00000d3e   0x00000002   PAD
    0x00000d40   0x00000d40   0x0000005c   Code   RO          146    i.GLCD_DisplayChar  glcd_spi_lpc1700.o
    0x00000d9c   0x00000d9c   0x00000028   Code   RO          147    i.GLCD_DisplayString  glcd_spi_lpc1700.o
    0x00000dc4   0x00000dc4   0x0000009c   Code   RO          148    i.GLCD_DrawChar     glcd_spi_lpc1700.o
    0x00000e60   0x00000e60   0x000005e8   Code   RO          149    i.GLCD_Init         glcd_spi_lpc1700.o
    0x00001448   0x00001448   0x00000080   Code   RO          150    i.GLCD_PutPixel     glcd_spi_lpc1700.o
    0x000014c8   0x000014c8   0x0000000c   Code   RO          152    i.GLCD_SetBackColor  glcd_spi_lpc1700.o
    0x000014d4   0x000014d4   0x0000000c   Code   RO          153    i.GLCD_SetTextColor  glcd_spi_lpc1700.o
    0x000014e0   0x000014e0   0x000000ac   Code   RO          154    i.GLCD_SetWindow    glcd_spi_lpc1700.o
    0x0000158c   0x0000158c   0x00000012   Code   RO          155    i.GLCD_WindowMax    glcd_spi_lpc1700.o
    0x0000159e   0x0000159e   0x00000002   PAD
    0x000015a0   0x000015a0   0x000001a4   Code   RO          509    i.GraphicsDisplay   main.o
    0x00001744   0x00001744   0x00000018   Code   RO          626    i.IsIrqMasked       rtx_delay.o
    0x0000175c   0x0000175c   0x00000018   Code   RO         1876    i.IsIrqMasked       rtx_kernel.o
    0x00001774   0x00001774   0x00000018   Code   RO         2340    i.IsIrqMasked       rtx_msgqueue.o
    0x0000178c   0x0000178c   0x00000018   Code   RO         2518    i.IsIrqMasked       rtx_mutex.o
    0x000017a4   0x000017a4   0x00000018   Code   RO         2807    i.IsIrqMasked       rtx_thread.o
    0x000017bc   0x000017bc   0x00000010   Code   RO          627    i.IsIrqMode         rtx_delay.o
    0x000017cc   0x000017cc   0x00000010   Code   RO         1877    i.IsIrqMode         rtx_kernel.o
    0x000017dc   0x000017dc   0x00000010   Code   RO         2341    i.IsIrqMode         rtx_msgqueue.o
    0x000017ec   0x000017ec   0x00000010   Code   RO         2519    i.IsIrqMode         rtx_mutex.o
    0x000017fc   0x000017fc   0x00000010   Code   RO         2808    i.IsIrqMode         rtx_thread.o
    0x0000180c   0x0000180c   0x0000000a   Code   RO         2125    i.MemBlockPtr       rtx_memory.o
    0x00001816   0x00001816   0x00000034   Code   RO         2342    i.MessageQueueGet   rtx_msgqueue.o
    0x0000184a   0x0000184a   0x0000004c   Code   RO         2343    i.MessageQueuePut   rtx_msgqueue.o
    0x00001896   0x00001896   0x00000022   Code   RO         2344    i.MessageQueueRemove  rtx_msgqueue.o
    0x000018b8   0x000018b8   0x00000008   Code   RO         3350    i.OS_Tick_AcknowledgeIRQ  os_systick.o
    0x000018c0   0x000018c0   0x00000030   Code   RO         3352    i.OS_Tick_Enable    os_systick.o
    0x000018f0   0x000018f0   0x00000006   Code   RO         3355    i.OS_Tick_GetIRQn   os_systick.o
    0x000018f6   0x000018f6   0x00000002   PAD
    0x000018f8   0x000018f8   0x00000050   Code   RO         3358    i.OS_Tick_Setup     os_systick.o
    0x00001948   0x00001948   0x00000140   Code   RO         3465    i.SystemInit        system_lpc17xx.o
    0x00001a88   0x00001a88   0x00000056   Code   RO         2809    i.ThreadFlagsCheck  rtx_thread.o
    0x00001ade   0x00001ade   0x00000002   PAD
    0x00001ae0   0x00001ae0   0x00000040   Code   RO         3226    i.TimerInsert       rtx_timer.o
    0x00001b20   0x00001b20   0x00000018   Code   RO         3228    i.TimerUnlink       rtx_timer.o
    0x00001b38   0x00001b38   0x00000068   Code   RO          401    i.UART0_IRQHandler  uart.o
    0x00001ba0   0x00001ba0   0x00000070   Code   RO          402    i.UART1_IRQHandler  uart.o
    0x00001c10   0x00001c10   0x000000bc   Code   RO          403    i.UARTInit          uart.o
    0x00001ccc   0x00001ccc   0x00000024   Code   RO          407    i.UARTSendChar      uart.o
    0x00001cf0   0x00001cf0   0x00000020   Code   RO         3666    i.__0printf$6       mc_w.l(printf6.o)
    0x00001d10   0x00001d10   0x00000028   Code   RO         3668    i.__0sprintf$6      mc_w.l(printf6.o)
    0x00001d38   0x00001d38   0x0000001a   Code   RO          408    i.__NVIC_EnableIRQ  uart.o
    0x00001d52   0x00001d52   0x0000000e   Code   RO         3845    i.__scatterload_copy  mc_w.l(handlers.o)
    0x00001d60   0x00001d60   0x00000002   Code   RO         3846    i.__scatterload_null  mc_w.l(handlers.o)
    0x00001d62   0x00001d62   0x0000000e   Code   RO         3847    i.__scatterload_zeroinit  mc_w.l(handlers.o)
    0x00001d70   0x00001d70   0x000002f0   Code   RO         3673    i._printf_core      mc_w.l(printf6.o)
    0x00002060   0x00002060   0x00000024   Code   RO         3674    i._printf_post_padding  mc_w.l(printf6.o)
    0x00002084   0x00002084   0x0000002e   Code   RO         3675    i._printf_pre_padding  mc_w.l(printf6.o)
    0x000020b2   0x000020b2   0x0000000a   Code   RO         3677    i._sputc            mc_w.l(printf6.o)
    0x000020bc   0x000020bc   0x00000040   Code   RO          510    i.addBodySeg        main.o
    0x000020fc   0x000020fc   0x000000c4   Code   RO          511    i.collision         main.o
    0x000021c0   0x000021c0   0x0000000e   Code   RO          158    i.delay             glcd_spi_lpc1700.o
    0x000021ce   0x000021ce   0x0000003c   Code   RO          512    i.fillCoord         main.o
    0x0000220a   0x0000220a   0x00000002   PAD
    0x0000220c   0x0000220c   0x00000040   Code   RO          513    i.foodGeneration    main.o
    0x0000224c   0x0000224c   0x0000000e   Code   RO          332    i.fputc             retarget.o
    0x0000225a   0x0000225a   0x00000002   PAD
    0x0000225c   0x0000225c   0x00000048   Code   RO          409    i.getFrequency      uart.o
    0x000022a4   0x000022a4   0x00000064   Code   RO          514    i.get_dir           main.o
    0x00002308   0x00002308   0x00000096   Code   RO         2345    i.isrRtxMessageQueueGet  rtx_msgqueue.o
    0x0000239e   0x0000239e   0x0000009e   Code   RO         2346    i.isrRtxMessageQueuePut  rtx_msgqueue.o
    0x0000243c   0x0000243c   0x00000034   Code   RO         2751    i.isr_queue_get     rtx_system.o
    0x00002470   0x00002470   0x0000003c   Code   RO         2752    i.isr_queue_put     rtx_system.o
    0x000024ac   0x000024ac   0x0000003c   Code   RO          515    i.joyStick          main.o
    0x000024e8   0x000024e8   0x00000120   Code   RO          516    i.main              main.o
    0x00002608   0x00002608   0x0000006c   Code   RO         3773    i.malloc            mc_w.l(malloc.o)
    0x00002674   0x00002674   0x0000003c   Code   RO          628    i.osDelay           rtx_delay.o
    0x000026b0   0x000026b0   0x00000034   Code   RO         1887    i.osKernelInitialize  rtx_kernel.o
    0x000026e4   0x000026e4   0x00000034   Code   RO         1891    i.osKernelStart     rtx_kernel.o
    0x00002718   0x00002718   0x00000054   Code   RO         2348    i.osMessageQueueGet  rtx_msgqueue.o
    0x0000276c   0x0000276c   0x0000004c   Code   RO         2354    i.osMessageQueueNew  rtx_msgqueue.o
    0x000027b8   0x000027b8   0x00000054   Code   RO         2355    i.osMessageQueuePut  rtx_msgqueue.o
    0x0000280c   0x0000280c   0x00000044   Code   RO         2520    i.osMutexAcquire    rtx_mutex.o
    0x00002850   0x00002850   0x0000003c   Code   RO         2524    i.osMutexNew        rtx_mutex.o
    0x0000288c   0x0000288c   0x0000003c   Code   RO         2525    i.osMutexRelease    rtx_mutex.o
    0x000028c8   0x000028c8   0x00000020   Code   RO         3424    i.osRtxErrorNotify  rtx_config.o
    0x000028e8   0x000028e8   0x00000004   Code   RO         3425    i.osRtxIdleThread   rtx_config.o
    0x000028ec   0x000028ec   0x0000000c   Code   RO         2813    i.osRtxKernelGetState  rtx_thread.o
    0x000028f8   0x000028f8   0x000000ee   Code   RO         2126    i.osRtxMemoryAlloc  rtx_memory.o
    0x000029e6   0x000029e6   0x0000007c   Code   RO         2127    i.osRtxMemoryFree   rtx_memory.o
    0x00002a62   0x00002a62   0x0000006a   Code   RO         2128    i.osRtxMemoryInit   rtx_memory.o
    0x00002acc   0x00002acc   0x0000003a   Code   RO         2186    i.osRtxMemoryPoolAlloc  rtx_mempool.o
    0x00002b06   0x00002b06   0x0000004e   Code   RO         2187    i.osRtxMemoryPoolFree  rtx_mempool.o
    0x00002b54   0x00002b54   0x00000058   Code   RO         2188    i.osRtxMemoryPoolInit  rtx_mempool.o
    0x00002bac   0x00002bac   0x00000128   Code   RO         2357    i.osRtxMessageQueuePostProcess  rtx_msgqueue.o
    0x00002cd4   0x00002cd4   0x0000005e   Code   RO         2526    i.osRtxMutexOwnerRelease  rtx_mutex.o
    0x00002d32   0x00002d32   0x00000002   PAD
    0x00002d34   0x00002d34   0x00000084   Code   RO         2753    i.osRtxPendSV_Handler  rtx_system.o
    0x00002db8   0x00002db8   0x0000003c   Code   RO         2754    i.osRtxPostProcess  rtx_system.o
    0x00002df4   0x00002df4   0x00000040   Code   RO         2814    i.osRtxThreadBlock  rtx_thread.o
    0x00002e34   0x00002e34   0x00000068   Code   RO         2815    i.osRtxThreadDelayInsert  rtx_thread.o
    0x00002e9c   0x00002e9c   0x00000074   Code   RO         2816    i.osRtxThreadDelayRemove  rtx_thread.o
    0x00002f10   0x00002f10   0x000000dc   Code   RO         2817    i.osRtxThreadDelayTick  rtx_thread.o
    0x00002fec   0x00002fec   0x00000070   Code   RO         2818    i.osRtxThreadDispatch  rtx_thread.o
    0x0000305c   0x0000305c   0x00000060   Code   RO         2819    i.osRtxThreadFree   rtx_thread.o
    0x000030bc   0x000030bc   0x0000000c   Code   RO         2820    i.osRtxThreadGetRunning  rtx_thread.o
    0x000030c8   0x000030c8   0x0000001c   Code   RO         2821    i.osRtxThreadListGet  rtx_thread.o
    0x000030e4   0x000030e4   0x00000032   Code   RO         2822    i.osRtxThreadListPut  rtx_thread.o
    0x00003116   0x00003116   0x0000001a   Code   RO         2823    i.osRtxThreadListRemove  rtx_thread.o
    0x00003130   0x00003130   0x00000012   Code   RO         2824    i.osRtxThreadListRoot  rtx_thread.o
    0x00003142   0x00003142   0x0000002a   Code   RO         2825    i.osRtxThreadListSort  rtx_thread.o
    0x0000316c   0x0000316c   0x00000040   Code   RO         2827    i.osRtxThreadPostProcess  rtx_thread.o
    0x000031ac   0x000031ac   0x00000018   Code   RO         2828    i.osRtxThreadReadyPut  rtx_thread.o
    0x000031c4   0x000031c4   0x0000000e   Code   RO         2829    i.osRtxThreadRegPtr  rtx_thread.o
    0x000031d2   0x000031d2   0x00000002   PAD
    0x000031d4   0x000031d4   0x0000000c   Code   RO         2830    i.osRtxThreadSetRunning  rtx_thread.o
    0x000031e0   0x000031e0   0x0000002c   Code   RO         2831    i.osRtxThreadStackCheck  rtx_thread.o
    0x0000320c   0x0000320c   0x00000060   Code   RO         2832    i.osRtxThreadStartup  rtx_thread.o
    0x0000326c   0x0000326c   0x0000001c   Code   RO         2833    i.osRtxThreadSwitch  rtx_thread.o
    0x00003288   0x00003288   0x00000054   Code   RO         2834    i.osRtxThreadWaitEnter  rtx_thread.o
    0x000032dc   0x000032dc   0x00000036   Code   RO         2835    i.osRtxThreadWaitExit  rtx_thread.o
    0x00003312   0x00003312   0x00000002   PAD
    0x00003314   0x00003314   0x000000a0   Code   RO         2755    i.osRtxTick_Handler  rtx_system.o
    0x000033b4   0x000033b4   0x00000058   Code   RO         3229    i.osRtxTimerThread  rtx_timer.o
    0x0000340c   0x0000340c   0x0000005c   Code   RO         3230    i.osRtxTimerTick    rtx_timer.o
    0x00003468   0x00003468   0x00000020   Code   RO         2838    i.osThreadExit      rtx_thread.o
    0x00003488   0x00003488   0x0000004c   Code   RO         2851    i.osThreadNew       rtx_thread.o
    0x000034d4   0x000034d4   0x00000038   Code   RO         2856    i.osThreadYield     rtx_thread.o
    0x0000350c   0x0000350c   0x00000074   Code   RO          517    i.potentiometer     main.o
    0x00003580   0x00003580   0x00000020   Code   RO          518    i.printSnake        main.o
    0x000035a0   0x000035a0   0x0000008c   Code   RO          159    i.rd_id_man         glcd_spi_lpc1700.o
    0x0000362c   0x0000362c   0x00000048   Code   RO          160    i.rd_reg            glcd_spi_lpc1700.o
    0x00003674   0x00003674   0x000000e4   Code   RO          519    i.scoreupdater      main.o
    0x00003758   0x00003758   0x00000044   Code   RO          334    i.sendchar          retarget.o
    0x0000379c   0x0000379c   0x0000009c   Code   RO          520    i.snakeMove         main.o
    0x00003838   0x00003838   0x00000020   Code   RO          161    i.spi_tran          glcd_spi_lpc1700.o
    0x00003858   0x00003858   0x00000080   Code   RO          162    i.spi_tran_man      glcd_spi_lpc1700.o
    0x000038d8   0x000038d8   0x00000018   Code   RO          630    i.svcRtxDelay       rtx_delay.o
    0x000038f0   0x000038f0   0x00000264   Code   RO         1900    i.svcRtxKernelInitialize  rtx_kernel.o
    0x00003b54   0x00003b54   0x000000e8   Code   RO         1904    i.svcRtxKernelStart  rtx_kernel.o
    0x00003c3c   0x00003c3c   0x00000158   Code   RO         2359    i.svcRtxMessageQueueGet  rtx_msgqueue.o
    0x00003d94   0x00003d94   0x00000198   Code   RO         2365    i.svcRtxMessageQueueNew  rtx_msgqueue.o
    0x00003f2c   0x00003f2c   0x00000140   Code   RO         2366    i.svcRtxMessageQueuePut  rtx_msgqueue.o
    0x0000406c   0x0000406c   0x00000120   Code   RO         2527    i.svcRtxMutexAcquire  rtx_mutex.o
    0x0000418c   0x0000418c   0x000000b0   Code   RO         2531    i.svcRtxMutexNew    rtx_mutex.o
    0x0000423c   0x0000423c   0x0000011c   Code   RO         2532    i.svcRtxMutexRelease  rtx_mutex.o
    0x00004358   0x00004358   0x00000094   Code   RO         2859    i.svcRtxThreadExit  rtx_thread.o
    0x000043ec   0x000043ec   0x00000274   Code   RO         2872    i.svcRtxThreadNew   rtx_thread.o
    0x00004660   0x00004660   0x00000048   Code   RO         2877    i.svcRtxThreadYield  rtx_thread.o
    0x000046a8   0x000046a8   0x00000028   Code   RO          163    i.wr_cmd            glcd_spi_lpc1700.o
    0x000046d0   0x000046d0   0x00000028   Code   RO          164    i.wr_dat            glcd_spi_lpc1700.o
    0x000046f8   0x000046f8   0x00000012   Code   RO          165    i.wr_dat_only       glcd_spi_lpc1700.o
    0x0000470a   0x0000470a   0x00000002   PAD
    0x0000470c   0x0000470c   0x00000014   Code   RO          166    i.wr_dat_start      glcd_spi_lpc1700.o
    0x00004720   0x00004720   0x0000000c   Code   RO          167    i.wr_dat_stop       glcd_spi_lpc1700.o
    0x0000472c   0x0000472c   0x00000014   Code   RO          168    i.wr_reg            glcd_spi_lpc1700.o
    0x00004740   0x00004740   0x00001880   Data   RO          169    .constdata          glcd_spi_lpc1700.o
    0x00005fc0   0x00005fc0   0x00000036   Data   RO          522    .constdata          main.o
    0x00005ff6   0x00005ff6   0x00000002   PAD
    0x00005ff8   0x00005ff8   0x00000064   Data   RO         2093    .constdata          rtx_lib.o
    0x0000605c   0x0000605c   0x0000000b   Data   RO         1907    .conststrlit        rtx_kernel.o
    0x00006067   0x00006067   0x00000001   PAD
    0x00006068   0x00006068   0x00000068   Data   RO         2095    .rodata             rtx_lib.o
    0x000060d0   0x000060d0   0x00000020   Data   RO         3843    Region$$Table       anon$$obj.o


    Execution Region ER_RW (Exec base: 0x10000000, Load base: 0x000060f0, Size: 0x00001468, Max: 0xffffffff, ABSOLUTE, COMPRESSED[0x00000054])

    Exec Addr    Load Addr    Size         Type   Attr      Idx    E Section Name        Object

    0x10000000   COMPRESSED   0x00001040   Data   RW         2088    .bss.os             rtx_lib.o
    0x10001040   COMPRESSED   0x00000034   Data   RW         2089    .bss.os.msgqueue.cb  rtx_lib.o
    0x10001074   COMPRESSED   0x00000050   Data   RW         2090    .bss.os.msgqueue.mem  rtx_lib.o
    0x100010c4   COMPRESSED   0x00000088   Data   RW         2091    .bss.os.thread.cb   rtx_lib.o
    0x1000114c   COMPRESSED   0x00000004   PAD
    0x10001150   COMPRESSED   0x00000200   Data   RW         2092    .bss.os.thread.stack  rtx_lib.o
    0x10001350   COMPRESSED   0x00000005   Data   RW          170    .data               glcd_spi_lpc1700.o
    0x10001355   COMPRESSED   0x00000003   PAD
    0x10001358   COMPRESSED   0x0000000c   Data   RW          335    .data               retarget.o
    0x10001364   COMPRESSED   0x00000020   Data   RW          411    .data               uart.o
    0x10001384   COMPRESSED   0x00000004   PAD
    0x10001388   COMPRESSED   0x00000028   Data   RW          523    .data               main.o
    0x100013b0   COMPRESSED   0x00000001   Data   RW         3359    .data               os_systick.o
    0x100013b1   COMPRESSED   0x00000003   PAD
    0x100013b4   COMPRESSED   0x00000004   Data   RW         3466    .data               system_lpc17xx.o
    0x100013b8   COMPRESSED   0x00000004   Data   RW         3503    .data               mc_w.l(rand.o)
    0x100013bc   COMPRESSED   0x00000004   Data   RW         3832    .data               mc_w.l(mvars.o)
    0x100013c0   COMPRESSED   0x00000004   Data   RW         3833    .data               mc_w.l(mvars.o)
    0x100013c4   COMPRESSED   0x000000a4   Data   RW         1908    .data.os            rtx_kernel.o


    Execution Region ER_ZI (Exec base: 0x10001468, Load base: 0x00006144, Size: 0x00004090, Max: 0xffffffff, ABSOLUTE)

    Exec Addr    Load Addr    Size         Type   Attr      Idx    E Section Name        Object

    0x10001468        -       0x00000080   Zero   RW          410    .bss                uart.o
    0x100014e8        -       0x0000000c   Zero   RW          521    .bss                main.o
    0x100014f4   0x00006144   0x00000004   PAD
    0x100014f8        -       0x00002000   Zero   RW         3452    HEAP                startup_lpc17xx.o
    0x100034f8        -       0x00002000   Zero   RW         3451    STACK               startup_lpc17xx.o


==============================================================================

Image component sizes


      Code (inc. data)   RO Data    RW Data    ZI Data      Debug   Object Name

         0          0          0          0          0       4556   glcd_scroll.o
      2720        104       6272          5          0      29841   glcd_spi_lpc1700.o
       148         10          0          0          0        564   irq_cm3.o
      1784        318         54         40         12      11490   main.o
       142         24          0          1          0       2380   os_systick.o
        82          4          0         12          0       2738   retarget.o
        36          6          0          0          0        909   rtx_config.o
       124          4          0          0          0      16297   rtx_delay.o
       108          0          0          0          0      30621   rtx_evr.o
       988         34         11        164          0      18590   rtx_kernel.o
         0          0        204       4940          0       8503   rtx_lib.o
       478          0          0          0          0       4099   rtx_memory.o
       564          0          0          0          0       3911   rtx_mempool.o
      2462         34          0          0          0      21752   rtx_msgqueue.o
      1070         28          0          0          0      10232   rtx_mutex.o
       804         40          0          0          0       9721   rtx_system.o
      2798        138          0          0          0      28610   rtx_thread.o
       268         28          0          0          0       3259   rtx_timer.o
        40         12        204          0      16384        940   startup_lpc17xx.o
       320         18          0          4          0        755   system_lpc17xx.o
       616         86          0         32        128      32035   uart.o

    ----------------------------------------------------------------------
     15572        888       6780       5212      16528     241803   Object Totals
         0          0         32          0          0          0   (incl. Generated)
        20          0          3         14          4          0   (incl. Padding)

    ----------------------------------------------------------------------

      Code (inc. data)   RO Data    RW Data    ZI Data      Debug   Library Member Name

        58          0          0          0          0          0   __dczerorl.o
         0          0          0          0          0          0   entry.o
         0          0          0          0          0          0   entry10a.o
         0          0          0          0          0          0   entry11a.o
         8          4          0          0          0          0   entry2.o
         4          0          0          0          0          0   entry5.o
         0          0          0          0          0          0   entry7b.o
         0          0          0          0          0          0   entry8b.o
         8          4          0          0          0          0   entry9a.o
        30          0          0          0          0          0   handlers.o
        36          8          0          0          0         68   init.o
         0          0          0          0          0          0   iusefp.o
        30          0          0          0          0         68   llshl.o
        36          0          0          0          0         68   llsshr.o
        32          0          0          0          0         68   llushr.o
       108         16          0          0          0         84   malloc.o
        36          0          0          0          0         68   memcpya.o
        36          0          0          0          0        108   memseta.o
         0          0          0          8          0          0   mvars.o
       916         20          0          0          0        504   printf6.o
        36         10          0          4          0        136   rand.o
        44          0          0          0          0         80   uidiv.o
       334          0          0          0          0        148   dadd.o
       222          0          0          0          0        100   ddiv.o
       186          0          0          0          0        176   depilogue.o
        50          0          0          0          0         76   dfixui.o
        26          0          0          0          0         76   dfltui.o
       228          0          0          0          0         96   dmul.o

    ----------------------------------------------------------------------
      2464         62          0         12          0       1924   Library Totals
         0          0          0          0          0          0   (incl. Padding)

    ----------------------------------------------------------------------

      Code (inc. data)   RO Data    RW Data    ZI Data      Debug   Library Name

      1418         62          0         12          0       1252   mc_w.l
      1046          0          0          0          0        672   mf_w.l

    ----------------------------------------------------------------------
      2464         62          0         12          0       1924   Library Totals

    ----------------------------------------------------------------------

==============================================================================


      Code (inc. data)   RO Data    RW Data    ZI Data      Debug   

     18036        950       6780       5224      16528     233247   Grand Totals
     18036        950       6780         84      16528     233247   ELF Image Totals (compressed)
     18036        950       6780         84          0          0   ROM Totals

==============================================================================

    Total RO  Size (Code + RO Data)                24816 (  24.23kB)
    Total RW  Size (RW Data + ZI Data)             21752 (  21.24kB)
    Total ROM Size (Code + RO Data + RW Data)      24900 (  24.32kB)

==============================================================================

